 SQLite.Interop

 Timestamp is 5bf4ed55 (Wed Nov 21 13:29:57 2018)

 Preferred load address is 10000000

 Start         Length     Name                   Class
 0001:00000000 000f7f0dH .text$mn                CODE
 0002:00000000 00000238H .idata$5                DATA
 0002:00000238 00000004H .00cfg                  DATA
 0002:0000023c 00000004H .CRT$XCA                DATA
 0002:00000240 00000004H .CRT$XCZ                DATA
 0002:00000244 00000004H .CRT$XIA                DATA
 0002:00000248 00000004H .CRT$XIZ                DATA
 0002:0000024c 00000004H .CRT$XPA                DATA
 0002:00000250 00000004H .CRT$XPZ                DATA
 0002:00000254 00000004H .CRT$XTA                DATA
 0002:00000258 00000008H .CRT$XTZ                DATA
 0002:0000025c 00000000H .gfids$y                DATA
 0002:00000260 0000fb00H .rdata                  DATA
 0002:0000fd60 00000004H .rdata$sxdata           DATA
 0002:0000fd64 000002bcH .rdata$zzzdbg           DATA
 0002:00010020 00000004H .rtc$IAA                DATA
 0002:00010024 00000004H .rtc$IZZ                DATA
 0002:00010028 00000004H .rtc$TAA                DATA
 0002:0001002c 00000004H .rtc$TZZ                DATA
 0002:00010030 00000080H .xdata$x                DATA
 0002:000100b0 000030f4H .edata                  DATA
 0002:000131a4 000000b4H .idata$2                DATA
 0002:00013258 00000014H .idata$3                DATA
 0002:0001326c 00000238H .idata$4                DATA
 0002:000134a4 00000a30H .idata$6                DATA
 0003:00000000 00001280H .data                   DATA
 0003:00001280 00000748H .bss                    DATA
 0004:00000000 00000060H .rsrc$01                DATA
 0004:00000060 000005f0H .rsrc$02                DATA

  Address         Publics by Value              Rva+Base       Lib:Object

 0000:00000000       ___volatile_metadata       00000000     <absolute>
 0000:00000000       ___enclave_config          00000000     <absolute>
 0000:00000000       ___hybrid_code_map_count   00000000     <absolute>
 0000:00000000       ___guard_iat_count         00000000     <absolute>
 0000:00000000       ___guard_longjmp_table     00000000     <absolute>
 0000:00000000       ___hybrid_auxiliary_iat    00000000     <absolute>
 0000:00000000       ___guard_fids_count        00000000     <absolute>
 0000:00000000       ___dynamic_value_reloc_table 00000000     <absolute>
 0000:00000000       ___guard_longjmp_count     00000000     <absolute>
 0000:00000000       ___guard_iat_table         00000000     <absolute>
 0000:00000000       ___hybrid_code_map         00000000     <absolute>
 0000:00000000       ___guard_fids_table        00000000     <absolute>
 0000:00000001       ___safe_se_handler_count   00000001     <absolute>
 0000:00000100       ___guard_flags             00000100     <absolute>
 0000:00000000       ___ImageBase               10000000     <linker-defined>
 0001:00000000       _AreFileApisANSI@0         10001000 f   kernel32:KERNEL32.dll
 0001:00000006       _ReadFile@20               10001006 f   kernel32:KERNEL32.dll
 0001:0000000c       _HeapCreate@12             1000100c f   kernel32:KERNEL32.dll
 0001:00000012       _HeapFree@12               10001012 f   kernel32:KERNEL32.dll
 0001:00000018       _GetFullPathNameW@16       10001018 f   kernel32:KERNEL32.dll
 0001:0000001e       _WriteFile@20              1000101e f   kernel32:KERNEL32.dll
 0001:00000024       _GetDiskFreeSpaceW@20      10001024 f   kernel32:KERNEL32.dll
 0001:0000002a       _OutputDebugStringA@4      1000102a f   kernel32:KERNEL32.dll
 0001:00000030       _LockFile@20               10001030 f   kernel32:KERNEL32.dll
 0001:00000036       _SetFilePointer@16         10001036 f   kernel32:KERNEL32.dll
 0001:0000003c       _GetFullPathNameA@16       1000103c f   kernel32:KERNEL32.dll
 0001:00000042       _SetEndOfFile@4            10001042 f   kernel32:KERNEL32.dll
 0001:00000048       _UnlockFileEx@20           10001048 f   kernel32:KERNEL32.dll
 0001:0000004e       _GetTempPathW@8            1000104e f   kernel32:KERNEL32.dll
 0001:00000054       _CreateMutexW@12           10001054 f   kernel32:KERNEL32.dll
 0001:0000005a       _WaitForSingleObject@8     1000105a f   kernel32:KERNEL32.dll
 0001:00000060       _CreateFileW@28            10001060 f   kernel32:KERNEL32.dll
 0001:00000066       _GetFileAttributesW@4      10001066 f   kernel32:KERNEL32.dll
 0001:0000006c       _UnmapViewOfFile@4         1000106c f   kernel32:KERNEL32.dll
 0001:00000072       _HeapValidate@12           10001072 f   kernel32:KERNEL32.dll
 0001:00000078       _HeapSize@12               10001078 f   kernel32:KERNEL32.dll
 0001:0000007e       _MultiByteToWideChar@24    1000107e f   kernel32:KERNEL32.dll
 0001:00000084       _Sleep@4                   10001084 f   kernel32:KERNEL32.dll
 0001:0000008a       _GetTempPathA@8            1000108a f   kernel32:KERNEL32.dll
 0001:00000090       _FormatMessageW@28         10001090 f   kernel32:KERNEL32.dll
 0001:00000096       _GetDiskFreeSpaceA@20      10001096 f   kernel32:KERNEL32.dll
 0001:0000009c       _GetLastError@0            1000109c f   kernel32:KERNEL32.dll
 0001:000000a2       _GetFileAttributesA@4      100010a2 f   kernel32:KERNEL32.dll
 0001:000000a8       _GetFileAttributesExW@12   100010a8 f   kernel32:KERNEL32.dll
 0001:000000ae       _OutputDebugStringW@4      100010ae f   kernel32:KERNEL32.dll
 0001:000000b4       _FlushViewOfFile@8         100010b4 f   kernel32:KERNEL32.dll
 0001:000000ba       _CreateFileA@28            100010ba f   kernel32:KERNEL32.dll
 0001:000000c0       _LoadLibraryA@4            100010c0 f   kernel32:KERNEL32.dll
 0001:000000c6       _WaitForSingleObjectEx@12  100010c6 f   kernel32:KERNEL32.dll
 0001:000000cc       _DeleteFileA@4             100010cc f   kernel32:KERNEL32.dll
 0001:000000d2       _DeleteFileW@4             100010d2 f   kernel32:KERNEL32.dll
 0001:000000d8       _HeapReAlloc@16            100010d8 f   kernel32:KERNEL32.dll
 0001:000000de       _CloseHandle@4             100010de f   kernel32:KERNEL32.dll
 0001:000000e4       _GetSystemInfo@4           100010e4 f   kernel32:KERNEL32.dll
 0001:000000ea       _LoadLibraryW@4            100010ea f   kernel32:KERNEL32.dll
 0001:000000f0       _HeapAlloc@12              100010f0 f   kernel32:KERNEL32.dll
 0001:000000f6       _HeapCompact@8             100010f6 f   kernel32:KERNEL32.dll
 0001:000000fc       _HeapDestroy@4             100010fc f   kernel32:KERNEL32.dll
 0001:00000102       _UnlockFile@20             10001102 f   kernel32:KERNEL32.dll
 0001:00000108       _GetProcAddress@8          10001108 f   kernel32:KERNEL32.dll
 0001:0000010e       _LocalFree@4               1000110e f   kernel32:KERNEL32.dll
 0001:00000114       _LockFileEx@24             10001114 f   kernel32:KERNEL32.dll
 0001:0000011a       _GetFileSize@8             1000111a f   kernel32:KERNEL32.dll
 0001:00000120       _GetCurrentProcessId@0     10001120 f   kernel32:KERNEL32.dll
 0001:00000126       _GetProcessHeap@0          10001126 f   kernel32:KERNEL32.dll
 0001:0000012c       _SystemTimeToFileTime@8    1000112c f   kernel32:KERNEL32.dll
 0001:00000132       _FreeLibrary@4             10001132 f   kernel32:KERNEL32.dll
 0001:00000138       _WideCharToMultiByte@32    10001138 f   kernel32:KERNEL32.dll
 0001:0000013e       _GetSystemTimeAsFileTime@4 1000113e f   kernel32:KERNEL32.dll
 0001:00000144       _GetSystemTime@4           10001144 f   kernel32:KERNEL32.dll
 0001:0000014a       _FormatMessageA@28         1000114a f   kernel32:KERNEL32.dll
 0001:00000150       _CreateFileMappingW@24     10001150 f   kernel32:KERNEL32.dll
 0001:00000156       _MapViewOfFile@20          10001156 f   kernel32:KERNEL32.dll
 0001:0000015c       _QueryPerformanceCounter@4 1000115c f   kernel32:KERNEL32.dll
 0001:00000162       _GetTickCount@0            10001162 f   kernel32:KERNEL32.dll
 0001:00000168       _FlushFileBuffers@4        10001168 f   kernel32:KERNEL32.dll
 0001:0000016e       @__security_check_cookie@4 1000116e f   MSVCRT:_secchk_.obj
 0001:0000017f       ___raise_securityfailure   1000117f f   MSVCRT:gs_report.obj
 0001:000001a7       ___report_gsfailure        100011a7 f   MSVCRT:gs_report.obj
 0001:000002a0       ___report_rangecheckfailure 100012a0 f   MSVCRT:gs_report.obj
 0001:000002ac       ___report_securityfailure  100012ac f   MSVCRT:gs_report.obj
 0001:0000069a       __DllMainCRTStartup@12     1000169a f   MSVCRT:dll_dllmain.obj
 0001:0000070a       ___security_init_cookie    1000170a f   MSVCRT:gs_support.obj
 0001:00000755       _DllMain@12                10001755 f   MSVCRT:dll_dllmain_stub.obj
 0001:00000777       ?__scrt_initialize_type_info@@YAXXZ 10001777 f   MSVCRT:tncleanup.obj
 0001:00000783       ?__scrt_uninitialize_type_info@@YAXXZ 10001783 f   MSVCRT:tncleanup.obj
 0001:0000078f       ___local_stdio_printf_options 1000178f f i MSVCRT:default_local_stdio_options.obj
 0001:00000795       ___local_stdio_scanf_options 10001795 f i MSVCRT:default_local_stdio_options.obj
 0001:0000079b       ___scrt_initialize_default_local_stdio_options 1000179b f   MSVCRT:default_local_stdio_options.obj
 0001:000007fc       ___scrt_acquire_startup_lock 100017fc f   MSVCRT:utility.obj
 0001:0000082e       ___scrt_dllmain_after_initialize_c 1000182e f   MSVCRT:utility.obj
 0001:00000859       ___scrt_dllmain_before_initialize_c 10001859 f   MSVCRT:utility.obj
 0001:00000867       ___scrt_dllmain_crt_thread_attach 10001867 f   MSVCRT:utility.obj
 0001:00000886       ___scrt_dllmain_crt_thread_detach 10001886 f   MSVCRT:utility.obj
 0001:00000893       ___scrt_dllmain_exception_filter 10001893 f   MSVCRT:utility.obj
 0001:000008c7       ___scrt_dllmain_uninitialize_c 100018c7 f   MSVCRT:utility.obj
 0001:000008ea       ___scrt_dllmain_uninitialize_critical 100018ea f   MSVCRT:utility.obj
 0001:000008f7       ___scrt_initialize_crt     100018f7 f   MSVCRT:utility.obj
 0001:00000930       ___scrt_initialize_onexit_tables 10001930 f   MSVCRT:utility.obj
 0001:000009d5       ___scrt_is_nonwritable_in_current_image 100019d5 f   MSVCRT:utility.obj
 0001:00000a69       ___scrt_release_startup_lock 10001a69 f   MSVCRT:utility.obj
 0001:00000a86       ___scrt_uninitialize_crt   10001a86 f   MSVCRT:utility.obj
 0001:00000aae       ___scrt_get_dyn_tls_init_callback 10001aae f   MSVCRT:dyn_tls_init.obj
 0001:00000ab4       ___scrt_fastfail           10001ab4 f   MSVCRT:utility_desktop.obj
 0001:00000bce       __crt_debugger_hook        10001bce f   MSVCRT:utility_desktop.obj
 0001:00000bd6       __RTC_Initialize           10001bd6 f   MSVCRT:_initsect_.obj
 0001:00000c02       __RTC_Terminate            10001c02 f   MSVCRT:_initsect_.obj
 0001:00000c30       __SEH_prolog4              10001c30 f   MSVCRT:_sehprolg4_.obj
 0001:00000c76       __SEH_epilog4              10001c76 f   MSVCRT:_sehprolg4_.obj
 0001:00000c8b       __except_handler4          10001c8b f   MSVCRT:_chandler4gs_.obj
 0001:00000cae       @_guard_check_icall_nop@4  10001cae f i MSVCRT:guard_support.obj
 0001:00000caf       ___isa_available_init      10001caf f   MSVCRT:_cpu_disp_.obj
 0001:00000e46       __get_startup_argv_mode    10001e46 f   MSVCRT:argv_mode.obj
 0001:00000e4a       ___scrt_is_ucrt_dll_in_use 10001e4a f   MSVCRT:ucrt_detection.obj
 0001:00000e56       ___std_type_info_destroy_list 10001e56 f   vcruntime:VCRUNTIME140.dll
 0001:00000e5c       _memset                    10001e5c f   vcruntime:VCRUNTIME140.dll
 0001:00000e62       __except_handler4_common   10001e62 f   vcruntime:VCRUNTIME140.dll
 0001:00000e68       __initterm                 10001e68 f   ucrt:api-ms-win-crt-runtime-l1-1-0.dll
 0001:00000e6e       __initterm_e               10001e6e f   ucrt:api-ms-win-crt-runtime-l1-1-0.dll
 0001:00000e74       __seh_filter_dll           10001e74 f   ucrt:api-ms-win-crt-runtime-l1-1-0.dll
 0001:00000e7a       __configure_narrow_argv    10001e7a f   ucrt:api-ms-win-crt-runtime-l1-1-0.dll
 0001:00000e80       __initialize_narrow_environment 10001e80 f   ucrt:api-ms-win-crt-runtime-l1-1-0.dll
 0001:00000e86       __initialize_onexit_table  10001e86 f   ucrt:api-ms-win-crt-runtime-l1-1-0.dll
 0001:00000e8c       __execute_onexit_table     10001e8c f   ucrt:api-ms-win-crt-runtime-l1-1-0.dll
 0001:00000e92       __cexit                    10001e92 f   ucrt:api-ms-win-crt-runtime-l1-1-0.dll
 0001:00000e98       _IsProcessorFeaturePresent@4 10001e98 f   kernel32:KERNEL32.dll
 0001:00000e9e       ___acrt_uninitialize_critical 10001e9e f   MSVCRT:ucrt_stubs.obj
 0001:00000e9e       ___scrt_stub_for_acrt_thread_detach 10001e9e f   MSVCRT:ucrt_stubs.obj
 0001:00000e9e       ___vcrt_initialize         10001e9e f   MSVCRT:ucrt_stubs.obj
 0001:00000e9e       ___acrt_uninitialize       10001e9e f   MSVCRT:ucrt_stubs.obj
 0001:00000e9e       ___scrt_stub_for_acrt_uninitialize 10001e9e f   MSVCRT:ucrt_stubs.obj
 0001:00000e9e       ___acrt_thread_detach      10001e9e f   MSVCRT:ucrt_stubs.obj
 0001:00000e9e       ___vcrt_thread_attach      10001e9e f   MSVCRT:ucrt_stubs.obj
 0001:00000e9e       ___scrt_stub_for_acrt_thread_attach 10001e9e f   MSVCRT:ucrt_stubs.obj
 0001:00000e9e       ___vcrt_uninitialize_critical 10001e9e f   MSVCRT:ucrt_stubs.obj
 0001:00000e9e       ___acrt_thread_attach      10001e9e f   MSVCRT:ucrt_stubs.obj
 0001:00000e9e       ___scrt_stub_for_acrt_uninitialize_critical 10001e9e f   MSVCRT:ucrt_stubs.obj
 0001:00000e9e       ___vcrt_thread_detach      10001e9e f   MSVCRT:ucrt_stubs.obj
 0001:00000e9e       ___acrt_initialize         10001e9e f   MSVCRT:ucrt_stubs.obj
 0001:00000e9e       ___vcrt_uninitialize       10001e9e f   MSVCRT:ucrt_stubs.obj
 0001:00000e9e       ___scrt_stub_for_acrt_initialize 10001e9e f   MSVCRT:ucrt_stubs.obj
 0001:00000ea1       __is_c_termination_complete 10001ea1 f   MSVCRT:ucrt_stubs.obj
 0001:00000ea1       ___scrt_stub_for_is_c_termination_complete 10001ea1 f   MSVCRT:ucrt_stubs.obj
 0001:00000eb0       _sqlite3_totype_init       10001eb0 f   interop.obj
 0001:00001c40       _sqlite3_sha_init          10002c40 f   interop.obj
 0001:00002560       _SHA1Transform             10003560 f   interop.obj
 0001:00003910       _sqlite3_regexp_init       10004910 f   interop.obj
 0001:00003ad0       _sqlite3re_compile         10004ad0 f   interop.obj
 0001:00003d40       _sqlite3re_free            10004d40 f   interop.obj
 0001:00004fe0       _sqlite3_percentile_init   10005fe0 f   interop.obj
 0001:00005490       _sqlite3_json_init         10006490 f   interop.obj
 0001:000054a0       _sqlite3Json1Init          100064a0 f   interop.obj
 0001:000104d0       _sqlite3_fts5_init         100114d0 f   interop.obj
 0001:000104e0       _sqlite3_fts_init          100114e0 f   interop.obj
 0001:0002b500       _sqlite3_vtshim_init       1002c500 f   interop.obj
 0001:0002b510       _sqlite3_dispose_module    1002c510 f   interop.obj
 0001:0002b580       _sqlite3_create_disposable_module 1002c580 f   interop.obj
 0001:0002c7d0       _sqlite3_cursor_rowid_interop@12 1002d7d0 f   interop.obj
 0001:0002c8c0       _sqlite3_table_cursor_interop@12 1002d8c0 f   interop.obj
 0001:0002c940       _sqlite3_index_column_info_interop@32 1002d940 f   interop.obj
 0001:0002cab0       _sqlite3_table_column_metadata_interop@44 1002dab0 f   interop.obj
 0001:0002cb40       _sqlite3_column_origin_name16_interop@12 1002db40 f   interop.obj
 0001:0002cba0       _sqlite3_column_origin_name_interop@12 1002dba0 f   interop.obj
 0001:0002cbf0       _sqlite3_column_table_name16_interop@12 1002dbf0 f   interop.obj
 0001:0002cc50       _sqlite3_column_table_name_interop@12 1002dc50 f   interop.obj
 0001:0002cca0       _sqlite3_column_database_name16_interop@12 1002dca0 f   interop.obj
 0001:0002cd00       _sqlite3_column_database_name_interop@12 1002dd00 f   interop.obj
 0001:0002cd50       _sqlite3_context_collseq_interop@16 1002dd50 f   interop.obj
 0001:0002cdf0       _sqlite3_context_collcompare_interop@20 1002ddf0 f   interop.obj
 0001:0002ce70       _sqlite3_result_int64_interop@8 1002de70 f   interop.obj
 0001:0002cec0       _sqlite3_result_double_interop@8 1002dec0 f   interop.obj
 0001:0002cf40       _sqlite3_value_text16_interop@8 1002df40 f   interop.obj
 0001:0002d000       _sqlite3_value_text_interop@8 1002e000 f   interop.obj
 0001:0002d0c0       _sqlite3_value_int64_interop@8 1002e0c0 f   interop.obj
 0001:0002d0e0       _sqlite3_value_double_interop@8 1002e0e0 f   interop.obj
 0001:0002d140       _sqlite3_create_function_interop@36 1002e140 f   interop.obj
 0001:0002d1b0       _sqlite3_reset_interop@4   1002e1b0 f   interop.obj
 0001:0002d1d0       _sqlite3_blob_close_interop@4 1002e1d0 f   interop.obj
 0001:0002d1f0       _sqlite3_backup_finish_interop@4 1002e1f0 f   interop.obj
 0001:0002d210       _sqlite3_finalize_interop@4 1002e210 f   interop.obj
 0001:0002d230       _sqlite3_column_text16_interop@12 1002e230 f   interop.obj
 0001:0002d270       _sqlite3_column_text_interop@12 1002e270 f   interop.obj
 0001:0002d2b0       _sqlite3_memory_highwater_interop@8 1002e2b0 f   interop.obj
 0001:0002d310       _sqlite3_memory_used_interop@4 1002e310 f   interop.obj
 0001:0002d360       _sqlite3_last_insert_rowid_interop@8 1002e360 f   interop.obj
 0001:0002d3d0       _sqlite3_column_int64_interop@12 1002e3d0 f   interop.obj
 0001:0002d400       _sqlite3_column_double_interop@12 1002e400 f   interop.obj
 0001:0002d420       _sqlite3_column_decltype16_interop@12 1002e420 f   interop.obj
 0001:0002d480       _sqlite3_column_decltype_interop@12 1002e480 f   interop.obj
 0001:0002d4d0       _sqlite3_column_name16_interop@12 1002e4d0 f   interop.obj
 0001:0002d530       _sqlite3_column_name_interop@12 1002e530 f   interop.obj
 0001:0002d580       _sqlite3_bind_parameter_name_interop@12 1002e580 f   interop.obj
 0001:0002d5f0       _sqlite3_bind_int64_interop@12 1002e5f0 f   interop.obj
 0001:0002d630       _sqlite3_bind_double_interop@12 1002e630 f   interop.obj
 0001:0002d670       _sqlite3_create_disposable_module_interop@112 1002e670 f   interop.obj
 0001:0002d730       _sqlite3_prepare16_interop@24 1002e730 f   interop.obj
 0001:0002d7a0       _sqlite3_prepare_interop@24 1002e7a0 f   interop.obj
 0001:0002d800       _sqlite3_changes_interop@4 1002e800 f   interop.obj
 0001:0002d850       _sqlite3_errmsg_interop@8  1002e850 f   interop.obj
 0001:0002d890       _sqlite3_open16_interop@20 1002e890 f   interop.obj
 0001:0002d8f0       _sqlite3_open_interop@20   1002e8f0 f   interop.obj
 0001:0002d930       _interop_sourceid@0        1002e930 f   interop.obj
 0001:0002d940       _interop_libversion@0      1002e940 f   interop.obj
 0001:0002d950       _sqlite3_close_interop@4   1002e950 f   interop.obj
 0001:0002d970       _sqlite3_msize_interop@8   1002e970 f   interop.obj
 0001:0002d9b0       _sqlite3_malloc_size_interop@4 1002e9b0 f   interop.obj
 0001:0002d9d0       _interop_compileoption_get@4 1002e9d0 f   interop.obj
 0001:0002d9f0       _interop_compileoption_used@4 1002e9f0 f   interop.obj
 0001:0002db30       _sqlite3_rekey_v2          1002eb30 f   interop.obj
 0001:0002ddd0       _sqlite3_rekey             1002edd0 f   interop.obj
 0001:0002ddf0       _sqlite3_key               1002edf0 f   interop.obj
 0001:0002de10       _sqlite3_key_v2            1002ee10 f   interop.obj
 0001:0002de30       _sqlite3_activate_see      1002ee30 f   interop.obj
 0001:0002de40       _sqlite3CodecGetKey        1002ee40 f   interop.obj
 0001:0002de80       _sqlite3CodecAttach        1002ee80 f   interop.obj
 0001:0002e200       _sqlite3CodecSizeChange    1002f200 f   interop.obj
 0001:0002e400       _double_cmp                1002f400 f   interop.obj
 0001:0002e440       _int_cmp                   1002f440 f   interop.obj
 0001:0002e490       _map_destroy               1002f490 f   interop.obj
 0001:0002e4d0       _node_destroy              1002f4d0 f   interop.obj
 0001:0002e510       _map_iterate               1002f510 f   interop.obj
 0001:0002e530       _node_iterate              1002f530 f   interop.obj
 0001:0002e570       _map_insert                1002f570 f   interop.obj
 0001:0002e580       _node_insert               1002f580 f   interop.obj
 0001:0002e5f0       _xfree                     1002f5f0 f   interop.obj
 0001:0002e600       _xcalloc                   1002f600 f   interop.obj
 0001:0002e610       _map_make                  1002f610 f   interop.obj
 0001:0002e630       _RegisterExtensionFunctions 1002f630 f   interop.obj
 0001:00033130       _sqlite3_sourceid          10034130 f   interop.obj
 0001:00033520       _sqlite3rebaser_delete     10034520 f   interop.obj
 0001:00033540       _sqlite3rebaser_rebase_strm 10034540 f   interop.obj
 0001:000335c0       _sqlite3rebaser_rebase     100345c0 f   interop.obj
 0001:00033640       _sqlite3rebaser_configure  10034640 f   interop.obj
 0001:000336c0       _sqlite3rebaser_create     100346c0 f   interop.obj
 0001:00034560       _sqlite3changeset_concat_strm 10035560 f   interop.obj
 0001:00034600       _sqlite3changeset_concat   10035600 f   interop.obj
 0001:000346a0       _sqlite3changegroup_delete 100356a0 f   interop.obj
 0001:000346c0       _sqlite3changegroup_output_strm 100356c0 f   interop.obj
 0001:000346e0       _sqlite3changegroup_add_strm 100356e0 f   interop.obj
 0001:00034760       _sqlite3changegroup_output 10035760 f   interop.obj
 0001:00034780       _sqlite3changegroup_add    10035780 f   interop.obj
 0001:00034800       _sqlite3changegroup_new    10035800 f   interop.obj
 0001:00035460       _sqlite3changeset_apply_strm 10036460 f   interop.obj
 0001:000354d0       _sqlite3changeset_apply_v2_strm 100364d0 f   interop.obj
 0001:00035540       _sqlite3changeset_apply    10036540 f   interop.obj
 0001:000355b0       _sqlite3changeset_apply_v2 100365b0 f   interop.obj
 0001:00038230       _sqlite3changeset_invert_strm 10039230 f   interop.obj
 0001:00038290       _sqlite3changeset_invert   10039290 f   interop.obj
 0001:00038ae0       _sqlite3changeset_finalize 10039ae0 f   interop.obj
 0001:00038cb0       _sqlite3changeset_fk_conflicts 10039cb0 f   interop.obj
 0001:00038ce0       _sqlite3changeset_conflict 10039ce0 f   interop.obj
 0001:00038d20       _sqlite3changeset_new      10039d20 f   interop.obj
 0001:00038d60       _sqlite3changeset_old      10039d60 f   interop.obj
 0001:00038da0       _sqlite3changeset_pk       10039da0 f   interop.obj
 0001:00038dc0       _sqlite3changeset_op       10039dc0 f   interop.obj
 0001:00038df0       _sqlite3changeset_next     10039df0 f   interop.obj
 0001:00039a30       _sqlite3changeset_start_strm 1003aa30 f   interop.obj
 0001:00039aa0       _sqlite3changeset_start    1003aaa0 f   interop.obj
 0001:00039b80       _sqlite3session_isempty    1003ab80 f   interop.obj
 0001:00039c70       _sqlite3session_indirect   1003ac70 f   interop.obj
 0001:00039d20       _sqlite3session_enable     1003ad20 f   interop.obj
 0001:00039dd0       _sqlite3session_patchset   1003add0 f   interop.obj
 0001:00039df0       _sqlite3session_patchset_strm 1003adf0 f   interop.obj
 0001:00039e10       _sqlite3session_changeset_strm 1003ae10 f   interop.obj
 0001:00039e30       _sqlite3session_changeset  1003ae30 f   interop.obj
 0001:0003b600       _sqlite3session_attach     1003c600 f   interop.obj
 0001:0003b7a0       _sqlite3session_table_filter 1003c7a0 f   interop.obj
 0001:0003b7c0       _sqlite3session_delete     1003c7c0 f   interop.obj
 0001:0003bbe0       _sqlite3session_create     1003cbe0 f   interop.obj
 0001:0003bdc0       _sqlite3session_diff       1003cdc0 f   interop.obj
 0001:0003f550       _sqlite3_rtree_query_callback 10040550 f   interop.obj
 0001:0003f5c0       _sqlite3_rtree_geometry_callback 100405c0 f   interop.obj
 0001:00064850       _sqlite3_compileoption_get 10065850 f   interop.obj
 0001:00064870       _sqlite3_compileoption_used 10065870 f   interop.obj
 0001:00064970       _sqlite3_db_readonly       10065970 f   interop.obj
 0001:000649e0       _sqlite3_db_filename       100659e0 f   interop.obj
 0001:00064a90       _sqlite3_uri_int64         10065a90 f   interop.obj
 0001:00064ad0       _sqlite3_uri_boolean       10065ad0 f   interop.obj
 0001:00064b10       _sqlite3_uri_parameter     10065b10 f   interop.obj
 0001:00064bd0       _sqlite3_test_control      10065bd0 f   interop.obj
 0001:00064e50       _sqlite3_file_control      10065e50 f   interop.obj
 0001:00064f80       _sqlite3_extended_result_codes 10065f80 f   interop.obj
 0001:00065000       _sqlite3_sleep             10066000 f   interop.obj
 0001:00065040       _sqlite3_table_column_metadata 10066040 f   interop.obj
 0001:00065370       _sqlite3_thread_cleanup    10066370 f   interop.obj
 0001:00065440       _sqlite3_get_autocommit    10066440 f   interop.obj
 0001:00065490       _sqlite3_global_recover    10066490 f   interop.obj
 0001:000654a0       _sqlite3_collation_needed16 100664a0 f   interop.obj
 0001:00065530       _sqlite3_collation_needed  10066530 f   interop.obj
 0001:000655c0       _sqlite3_create_collation16 100665c0 f   interop.obj
 0001:00065690       _sqlite3_create_collation_v2 10066690 f   interop.obj
 0001:00065740       _sqlite3_create_collation  10066740 f   interop.obj
 0001:00065760       _sqlite3_open16            10066760 f   interop.obj
 0001:00065890       _sqlite3_open_v2           10066890 f   interop.obj
 0001:000658b0       _sqlite3_open              100668b0 f   interop.obj
 0001:00066840       _sqlite3_limit             10067840 f   interop.obj
 0001:00066a40       _sqlite3_errstr            10067a40 f   interop.obj
 0001:00066a90       _sqlite3_system_errno      10067a90 f   interop.obj
 0001:00066ab0       _sqlite3_extended_errcode  10067ab0 f   interop.obj
 0001:00066b30       _sqlite3_errcode           10067b30 f   interop.obj
 0001:00066bb0       _sqlite3_errmsg16          10067bb0 f   interop.obj
 0001:00066ce0       _sqlite3_errmsg            10067ce0 f   interop.obj
 0001:00066f40       _sqlite3_wal_checkpoint    10067f40 f   interop.obj
 0001:00066f60       _sqlite3_wal_checkpoint_v2 10067f60 f   interop.obj
 0001:00067090       _sqlite3_wal_hook          10068090 f   interop.obj
 0001:00067110       _sqlite3_wal_autocheckpoint 10068110 f   interop.obj
 0001:000671c0       _sqlite3_preupdate_hook    100681c0 f   interop.obj
 0001:00067210       _sqlite3_rollback_hook     10068210 f   interop.obj
 0001:00067290       _sqlite3_update_hook       10068290 f   interop.obj
 0001:00067310       _sqlite3_commit_hook       10068310 f   interop.obj
 0001:00067390       _sqlite3_profile           10068390 f   interop.obj
 0001:00067410       _sqlite3_trace_v2          10068410 f   interop.obj
 0001:000674b0       _sqlite3_trace             100684b0 f   interop.obj
 0001:00067540       _sqlite3_overload_function 10068540 f   interop.obj
 0001:00067680       _sqlite3_create_function16 10068680 f   interop.obj
 0001:00067790       _sqlite3_create_function_v2 10068790 f   interop.obj
 0001:000678b0       _sqlite3_create_function   100688b0 f   interop.obj
 0001:00067ab0       _sqlite3_interrupt         10068ab0 f   interop.obj
 0001:00067b10       _sqlite3_busy_timeout      10068b10 f   interop.obj
 0001:00067b90       _sqlite3_progress_handler  10068b90 f   interop.obj
 0001:00067c30       _sqlite3_busy_handler      10068c30 f   interop.obj
 0001:00068660       _sqlite3_close_v2          10069660 f   interop.obj
 0001:00068680       _sqlite3_close             10069680 f   interop.obj
 0001:00068a50       _sqlite3_total_changes     10069a50 f   interop.obj
 0001:00068aa0       _sqlite3_changes           10069aa0 f   interop.obj
 0001:00068af0       _sqlite3_set_last_insert_rowid 10069af0 f   interop.obj
 0001:00068b60       _sqlite3_last_insert_rowid 10069b60 f   interop.obj
 0001:00068cd0       _sqlite3_db_config         10069cd0 f   interop.obj
 0001:00068da0       _sqlite3_db_cacheflush     10069da0 f   interop.obj
 0001:00068ee0       _sqlite3_db_release_memory 10069ee0 f   interop.obj
 0001:00068fb0       _sqlite3_db_mutex          10069fb0 f   interop.obj
 0001:00069180       _sqlite3_config            1006a180 f   interop.obj
 0001:00069500       _sqlite3_shutdown          1006a500 f   interop.obj
 0001:000695c0       _sqlite3_initialize        1006a5c0 f   interop.obj
 0001:00069970       _sqlite3_threadsafe        1006a970 f   interop.obj
 0001:00069980       _sqlite3_libversion_number 1006a980 f   interop.obj
 0001:00069990       _sqlite3_libversion        1006a990 f   interop.obj
 0001:000699a0       _sqlite3_complete16        1006a9a0 f   interop.obj
 0001:00069a50       _sqlite3_complete          1006aa50 f   interop.obj
 0001:0006a980       _sqlite3_keyword_check     1006b980 f   interop.obj
 0001:0006a9b0       _sqlite3_keyword_count     1006b9b0 f   interop.obj
 0001:0006a9c0       _sqlite3_keyword_name      1006b9c0 f   interop.obj
 0001:000706c0       _sqlite3_vtab_collation    100716c0 f   interop.obj
 0001:0007bb30       _sqlite3_vtab_config       1007cb30 f   interop.obj
 0001:0007bc00       _sqlite3_vtab_on_conflict  1007cc00 f   interop.obj
 0001:0007c350       _sqlite3_declare_vtab      1007d350 f   interop.obj
 0001:0007d420       _sqlite3_create_module_v2  1007e420 f   interop.obj
 0001:0007d480       _sqlite3_create_module     1007e480 f   interop.obj
 0001:00082950       _sqlite3_free_table        10083950 f   interop.obj
 0001:00082a40       _sqlite3_get_table         10083a40 f   interop.obj
 0001:0008dc50       _sqlite3_prepare16_v3      1008ec50 f   interop.obj
 0001:0008dc80       _sqlite3_prepare16_v2      1008ec80 f   interop.obj
 0001:0008dcb0       _sqlite3_prepare16         1008ecb0 f   interop.obj
 0001:0008de90       _sqlite3_prepare_v3        1008ee90 f   interop.obj
 0001:0008dec0       _sqlite3_prepare_v2        1008eec0 f   interop.obj
 0001:0008def0       _sqlite3_prepare           1008eef0 f   interop.obj
 0001:00092af0       _sqlite3_reset_auto_extension 10093af0 f   interop.obj
 0001:00092b60       _sqlite3_cancel_auto_extension 10093b60 f   interop.obj
 0001:00092be0       _sqlite3_auto_extension    10093be0 f   interop.obj
 0001:00092cb0       _sqlite3_enable_load_extension 10093cb0 f   interop.obj
 0001:00092dd0       _sqlite3_load_extension    10093dd0 f   interop.obj
 0001:00093450       _sqlite3_exec              10094450 f   interop.obj
 0001:0009ce30       _sqlite3_strlike           1009de30 f   interop.obj
 0001:0009ce50       _sqlite3_strglob           1009de50 f   interop.obj
 0001:000a89d0       _sqlite3_set_authorizer    100a99d0 f   interop.obj
 0001:000bd530       _sqlite3_blob_reopen       100be530 f   interop.obj
 0001:000bd600       _sqlite3_blob_bytes        100be600 f   interop.obj
 0001:000bd620       _sqlite3_blob_write        100be620 f   interop.obj
 0001:000bd640       _sqlite3_blob_read         100be640 f   interop.obj
 0001:000bd800       _sqlite3_blob_close        100be800 f   interop.obj
 0001:000bd890       _sqlite3_blob_open         100be890 f   interop.obj
 0001:000c3e70       _sqlite3_value_numeric_type 100c4e70 f   interop.obj
 0001:000c45f0       _sqlite3_preupdate_new     100c55f0 f   interop.obj
 0001:000c4810       _sqlite3_preupdate_depth   100c5810 f   interop.obj
 0001:000c4830       _sqlite3_preupdate_count   100c5830 f   interop.obj
 0001:000c4850       _sqlite3_preupdate_old     100c5850 f   interop.obj
 0001:000c4ac0       _sqlite3_expanded_sql      100c5ac0 f   interop.obj
 0001:000c4b20       _sqlite3_sql               100c5b20 f   interop.obj
 0001:000c4b40       _sqlite3_stmt_status       100c5b40 f   interop.obj
 0001:000c4c10       _sqlite3_next_stmt         100c5c10 f   interop.obj
 0001:000c4c90       _sqlite3_stmt_busy         100c5c90 f   interop.obj
 0001:000c4cc0       _sqlite3_stmt_readonly     100c5cc0 f   interop.obj
 0001:000c4ce0       _sqlite3_db_handle         100c5ce0 f   interop.obj
 0001:000c4d00       _sqlite3_transfer_bindings 100c5d00 f   interop.obj
 0001:000c4e00       _sqlite3_bind_parameter_index 100c5e00 f   interop.obj
 0001:000c4e70       _sqlite3_bind_parameter_name 100c5e70 f   interop.obj
 0001:000c4eb0       _sqlite3_bind_parameter_count 100c5eb0 f   interop.obj
 0001:000c4ed0       _sqlite3_bind_zeroblob64   100c5ed0 f   interop.obj
 0001:000c4f50       _sqlite3_bind_zeroblob     100c5f50 f   interop.obj
 0001:000c4fd0       _sqlite3_bind_value        100c5fd0 f   interop.obj
 0001:000c50e0       _sqlite3_bind_text16       100c60e0 f   interop.obj
 0001:000c5100       _sqlite3_bind_text64       100c6100 f   interop.obj
 0001:000c5160       _sqlite3_bind_text         100c6160 f   interop.obj
 0001:000c5180       _sqlite3_bind_pointer      100c6180 f   interop.obj
 0001:000c5210       _sqlite3_bind_null         100c6210 f   interop.obj
 0001:000c5250       _sqlite3_bind_int64        100c6250 f   interop.obj
 0001:000c52d0       _sqlite3_bind_int          100c62d0 f   interop.obj
 0001:000c52f0       _sqlite3_bind_double       100c62f0 f   interop.obj
 0001:000c5390       _sqlite3_bind_blob64       100c6390 f   interop.obj
 0001:000c53e0       _sqlite3_bind_blob         100c63e0 f   interop.obj
 0001:000c56a0       _sqlite3_column_origin_name16 100c66a0 f   interop.obj
 0001:000c56c0       _sqlite3_column_origin_name 100c66c0 f   interop.obj
 0001:000c56e0       _sqlite3_column_table_name16 100c66e0 f   interop.obj
 0001:000c5700       _sqlite3_column_table_name 100c6700 f   interop.obj
 0001:000c5720       _sqlite3_column_database_name16 100c6720 f   interop.obj
 0001:000c5740       _sqlite3_column_database_name 100c6740 f   interop.obj
 0001:000c5760       _sqlite3_column_decltype16 100c6760 f   interop.obj
 0001:000c5780       _sqlite3_column_decltype   100c6780 f   interop.obj
 0001:000c57a0       _sqlite3_column_name16     100c67a0 f   interop.obj
 0001:000c57c0       _sqlite3_column_name       100c67c0 f   interop.obj
 0001:000c5890       _sqlite3_column_type       100c6890 f   interop.obj
 0001:000c5940       _sqlite3_column_text16     100c6940 f   interop.obj
 0001:000c5a20       _sqlite3_column_value      100c6a20 f   interop.obj
 0001:000c5ae0       _sqlite3_column_text       100c6ae0 f   interop.obj
 0001:000c5bc0       _sqlite3_column_int64      100c6bc0 f   interop.obj
 0001:000c5c70       _sqlite3_column_int        100c6c70 f   interop.obj
 0001:000c5d50       _sqlite3_column_double     100c6d50 f   interop.obj
 0001:000c5e30       _sqlite3_column_bytes16    100c6e30 f   interop.obj
 0001:000c5f10       _sqlite3_column_bytes      100c6f10 f   interop.obj
 0001:000c5ff0       _sqlite3_column_blob       100c6ff0 f   interop.obj
 0001:000c61b0       _sqlite3_data_count        100c71b0 f   interop.obj
 0001:000c61d0       _sqlite3_column_count      100c71d0 f   interop.obj
 0001:000c61f0       _sqlite3_aggregate_count   100c71f0 f   interop.obj
 0001:000c6200       _sqlite3_set_auxdata       100c7200 f   interop.obj
 0001:000c62f0       _sqlite3_get_auxdata       100c72f0 f   interop.obj
 0001:000c6340       _sqlite3_aggregate_context 100c7340 f   interop.obj
 0001:000c64b0       _sqlite3_vtab_nochange     100c74b0 f   interop.obj
 0001:000c64d0       _sqlite3_context_db_handle 100c74d0 f   interop.obj
 0001:000c64e0       _sqlite3_user_data         100c74e0 f   interop.obj
 0001:000c64f0       _sqlite3_step              100c74f0 f   interop.obj
 0001:000c6ae0       _sqlite3_result_error_nomem 100c7ae0 f   interop.obj
 0001:000c6b40       _sqlite3_result_error_toobig 100c7b40 f   interop.obj
 0001:000c6b70       _sqlite3_result_error_code 100c7b70 f   interop.obj
 0001:000c6c20       _sqlite3_result_zeroblob64 100c7c20 f   interop.obj
 0001:000c6c90       _sqlite3_result_zeroblob   100c7c90 f   interop.obj
 0001:000c6ce0       _sqlite3_result_value      100c7ce0 f   interop.obj
 0001:000c6d00       _sqlite3_result_text16le   100c7d00 f   interop.obj
 0001:000c6d40       _sqlite3_result_text16be   100c7d40 f   interop.obj
 0001:000c6d80       _sqlite3_result_text16     100c7d80 f   interop.obj
 0001:000c6dc0       _sqlite3_result_text64     100c7dc0 f   interop.obj
 0001:000c6e50       _sqlite3_result_text       100c7e50 f   interop.obj
 0001:000c6e90       _sqlite3_result_subtype    100c7e90 f   interop.obj
 0001:000c6eb0       _sqlite3_result_pointer    100c7eb0 f   interop.obj
 0001:000c6f10       _sqlite3_result_null       100c7f10 f   interop.obj
 0001:000c6f40       _sqlite3_result_int64      100c7f40 f   interop.obj
 0001:000c6f80       _sqlite3_result_int        100c7f80 f   interop.obj
 0001:000c6fc0       _sqlite3_result_error16    100c7fc0 f   interop.obj
 0001:000c6ff0       _sqlite3_result_error      100c7ff0 f   interop.obj
 0001:000c7020       _sqlite3_result_double     100c8020 f   interop.obj
 0001:000c7090       _sqlite3_result_blob64     100c8090 f   interop.obj
 0001:000c7100       _sqlite3_result_blob       100c8100 f   interop.obj
 0001:000c71c0       _sqlite3_value_free        100c81c0 f   interop.obj
 0001:000c71d0       _sqlite3_value_dup         100c81d0 f   interop.obj
 0001:000c7270       _sqlite3_value_nochange    100c8270 f   interop.obj
 0001:000c7290       _sqlite3_value_type        100c8290 f   interop.obj
 0001:000c72b0       _sqlite3_value_text16le    100c82b0 f   interop.obj
 0001:000c72f0       _sqlite3_value_text16be    100c82f0 f   interop.obj
 0001:000c7330       _sqlite3_value_text16      100c8330 f   interop.obj
 0001:000c7370       _sqlite3_value_text        100c8370 f   interop.obj
 0001:000c73b0       _sqlite3_value_pointer     100c83b0 f   interop.obj
 0001:000c7420       _sqlite3_value_subtype     100c8420 f   interop.obj
 0001:000c7440       _sqlite3_value_int64       100c8440 f   interop.obj
 0001:000c7450       _sqlite3_value_int         100c8450 f   interop.obj
 0001:000c74a0       _sqlite3_value_double      100c84a0 f   interop.obj
 0001:000c7500       _sqlite3_value_bytes16     100c8500 f   interop.obj
 0001:000c7550       _sqlite3_value_bytes       100c8550 f   interop.obj
 0001:000c75a0       _sqlite3_value_blob        100c85a0 f   interop.obj
 0001:000c7600       _sqlite3_clear_bindings    100c8600 f   interop.obj
 0001:000c7690       _sqlite3_reset             100c8690 f   interop.obj
 0001:000c7760       _sqlite3_finalize          100c8760 f   interop.obj
 0001:000c7990       _sqlite3_expired           100c8990 f   interop.obj
 0001:000cfe30       _sqlite3_backup_pagecount  100d0e30 f   interop.obj
 0001:000cfe70       _sqlite3_backup_remaining  100d0e70 f   interop.obj
 0001:000cfeb0       _sqlite3_backup_finish     100d0eb0 f   interop.obj
 0001:000cffb0       _sqlite3_backup_step       100d0fb0 f   interop.obj
 0001:000d0ac0       _sqlite3_backup_init       100d1ac0 f   interop.obj
 0001:000dd7b0       _sqlite3_enable_shared_cache 100de7b0 f   interop.obj
 0001:000ea680       _sqlite3_os_end            100eb680 f   interop.obj
 0001:000ea690       _sqlite3_os_init           100eb690 f   interop.obj
 0001:000ed950       _sqlite3_win32_set_directory 100ee950 f   interop.obj
 0001:000ed9b0       _sqlite3_win32_set_directory16 100ee9b0 f   interop.obj
 0001:000eda10       _sqlite3_win32_set_directory8 100eea10 f   interop.obj
 0001:000eda80       _sqlite3_win32_utf8_to_mbcs_v2 100eea80 f   interop.obj
 0001:000edad0       _sqlite3_win32_utf8_to_mbcs 100eead0 f   interop.obj
 0001:000edb20       _sqlite3_win32_mbcs_to_utf8_v2 100eeb20 f   interop.obj
 0001:000edb70       _sqlite3_win32_mbcs_to_utf8 100eeb70 f   interop.obj
 0001:000edbc0       _sqlite3_win32_unicode_to_utf8 100eebc0 f   interop.obj
 0001:000edc10       _sqlite3_win32_utf8_to_unicode 100eec10 f   interop.obj
 0001:000ee240       _sqlite3_win32_is_nt       100ef240 f   interop.obj
 0001:000ee270       _sqlite3_win32_sleep       100ef270 f   interop.obj
 0001:000ee280       _sqlite3_win32_write_debug 100ef280 f   interop.obj
 0001:000ee340       _sqlite3_win32_reset_heap  100ef340 f   interop.obj
 0001:000ee480       _sqlite3_win32_compact_heap 100ef480 f   interop.obj
 0001:000f0190       _sqlite3_strnicmp          100f1190 f   interop.obj
 0001:000f0260       _sqlite3_stricmp           100f1260 f   interop.obj
 0001:000f0f10       _sqlite3_randomness        100f1f10 f   interop.obj
 0001:000f10c0       _sqlite3_str_appendf       100f20c0 f   interop.obj
 0001:000f10e0       _sqlite3_log               100f20e0 f   interop.obj
 0001:000f1250       _sqlite3_snprintf          100f2250 f   interop.obj
 0001:000f1270       _sqlite3_vsnprintf         100f2270 f   interop.obj
 0001:000f1310       _sqlite3_mprintf           100f2310 f   interop.obj
 0001:000f1340       _sqlite3_vmprintf          100f2340 f   interop.obj
 0001:000f1500       _sqlite3_str_new           100f2500 f   interop.obj
 0001:000f1590       _sqlite3_str_reset         100f2590 f   interop.obj
 0001:000f1600       _sqlite3_str_value         100f2600 f   interop.obj
 0001:000f1630       _sqlite3_str_length        100f2630 f   interop.obj
 0001:000f1650       _sqlite3_str_errcode       100f2650 f   interop.obj
 0001:000f1670       _sqlite3_str_finish        100f2670 f   interop.obj
 0001:000f1790       _sqlite3_str_appendall     100f2790 f   interop.obj
 0001:000f17f0       _sqlite3_str_append        100f27f0 f   interop.obj
 0001:000f1880       _sqlite3_str_appendchar    100f2880 f   interop.obj
 0001:000f19f0       _sqlite3_str_vappendf      100f29f0 f   interop.obj
 0001:000f3800       _sqlite3_realloc64         100f4800 f   interop.obj
 0001:000f3830       _sqlite3_realloc           100f4830 f   interop.obj
 0001:000f3aa0       _sqlite3_free              100f4aa0 f   interop.obj
 0001:000f3b10       _sqlite3_msize             100f4b10 f   interop.obj
 0001:000f3b90       _sqlite3_malloc64          100f4b90 f   interop.obj
 0001:000f3bc0       _sqlite3_malloc            100f4bc0 f   interop.obj
 0001:000f3fc0       _sqlite3_memory_highwater  100f4fc0 f   interop.obj
 0001:000f4010       _sqlite3_memory_used       100f5010 f   interop.obj
 0001:000f4130       _sqlite3_soft_heap_limit   100f5130 f   interop.obj
 0001:000f4150       _sqlite3_soft_heap_limit64 100f5150 f   interop.obj
 0001:000f4360       _sqlite3_memory_alarm      100f5360 f   interop.obj
 0001:000f4380       _sqlite3_release_memory    100f5380 f   interop.obj
 0001:000f4720       _sqlite3_mutex_leave       100f5720 f   interop.obj
 0001:000f4740       _sqlite3_mutex_try         100f5740 f   interop.obj
 0001:000f4760       _sqlite3_mutex_enter       100f5760 f   interop.obj
 0001:000f4780       _sqlite3_mutex_free        100f5780 f   interop.obj
 0001:000f47c0       _sqlite3_mutex_alloc       100f57c0 f   interop.obj
 0001:000f48a0       _sqlite3_vfs_unregister    100f58a0 f   interop.obj
 0001:000f4920       _sqlite3_vfs_register      100f5920 f   interop.obj
 0001:000f4a10       _sqlite3_vfs_find          100f5a10 f   interop.obj
 0001:000f6f30       _sqlite3_db_status         100f7f30 f   interop.obj
 0001:000f73d0       _sqlite3_status            100f83d0 f   interop.obj
 0001:000f7450       _sqlite3_status64          100f8450 f   interop.obj
 0001:000f75a0       __alldiv                   100f85a0 f   MSVCRT:lldiv.obj
 0001:000f7650       __alldvrm                  100f8650 f   MSVCRT:lldvrm.obj
 0001:000f7730       __allmul                   100f8730 f   MSVCRT:llmul.obj
 0001:000f7770       __allrem                   100f8770 f   MSVCRT:llrem.obj
 0001:000f7830       __allshl                   100f8830 f   MSVCRT:llshl.obj
 0001:000f7850       __allshr                   100f8850 f   MSVCRT:llshr.obj
 0001:000f7880       __aulldiv                  100f8880 f   MSVCRT:ulldiv.obj
 0001:000f78f0       __aulldvrm                 100f88f0 f   MSVCRT:ulldvrm.obj
 0001:000f7990       __aullrem                  100f8990 f   MSVCRT:ullrem.obj
 0001:000f7a10       __aullshr                  100f8a10 f   MSVCRT:ullshr.obj
 0001:000f7a30       __alloca_probe             100f8a30 f   MSVCRT:chkstk.obj
 0001:000f7a30       __chkstk                   100f8a30 f   MSVCRT:chkstk.obj
 0001:000f7a60       __ftoui3                   100f8a60 f   MSVCRT:_ftol3_.obj
 0001:000f7a6f       __ftoul3                   100f8a6f f   MSVCRT:_ftol3_.obj
 0001:000f7a7e       __ftol3                    100f8a7e f   MSVCRT:_ftol3_.obj
 0001:000f7a8b       __ftol3_NaN                100f8a8b f   MSVCRT:_ftol3_.obj
 0001:000f7aa3       __ftol3_work               100f8aa3 f   MSVCRT:_ftol3_.obj
 0001:000f7b29       __ftol3_common             100f8b29 f   MSVCRT:_ftol3_.obj
 0001:000f7beb       __ftol3_arg_error          100f8beb f   MSVCRT:_ftol3_.obj
 0001:000f7bfd       __ftol3_except             100f8bfd f   MSVCRT:_ftol3_.obj
 0001:000f7c41       __dtoui3                   100f8c41 f   MSVCRT:_ftol3_.obj
 0001:000f7c50       __dtoul3                   100f8c50 f   MSVCRT:_ftol3_.obj
 0001:000f7c5f       __dtol3                    100f8c5f f   MSVCRT:_ftol3_.obj
 0001:000f7c6c       __dtol3_NaN                100f8c6c f   MSVCRT:_ftol3_.obj
 0001:000f7c89       __dtol3_work               100f8c89 f   MSVCRT:_ftol3_.obj
 0001:000f7d70       __ultod3                   100f8d70 f   MSVCRT:_ftol3_.obj
 0001:000f7db0       __ltod3                    100f8db0 f   MSVCRT:_ftol3_.obj
 0001:000f7de0       __ftol2_sse                100f8de0 f   MSVCRT:_ftol2_.obj
 0001:000f7de9       __ftol2_pentium4           100f8de9 f   MSVCRT:_ftol2_.obj
 0001:000f7dfc       __ftol2_sse_excpt          100f8dfc f   MSVCRT:_ftol2_.obj
 0001:000f7e20       __ftol2                    100f8e20 f   MSVCRT:_ftol2_.obj
 0001:000f7e95       _memcpy                    100f8e95 f   vcruntime:VCRUNTIME140.dll
 0001:000f7e9b       _memmove                   100f8e9b f   vcruntime:VCRUNTIME140.dll
 0001:000f7ea1       __CIatan2                  100f8ea1 f   ucrt:api-ms-win-crt-math-l1-1-0.dll
 0001:000f7ea7       __CIcosh                   100f8ea7 f   ucrt:api-ms-win-crt-math-l1-1-0.dll
 0001:000f7ead       __CIsinh                   100f8ead f   ucrt:api-ms-win-crt-math-l1-1-0.dll
 0001:000f7eb3       __CItanh                   100f8eb3 f   ucrt:api-ms-win-crt-math-l1-1-0.dll
 0001:000f7eb9       __libm_sse2_acos_precise   100f8eb9 f   ucrt:api-ms-win-crt-math-l1-1-0.dll
 0001:000f7ebf       __libm_sse2_asin_precise   100f8ebf f   ucrt:api-ms-win-crt-math-l1-1-0.dll
 0001:000f7ec5       __libm_sse2_atan_precise   100f8ec5 f   ucrt:api-ms-win-crt-math-l1-1-0.dll
 0001:000f7ecb       __libm_sse2_cos_precise    100f8ecb f   ucrt:api-ms-win-crt-math-l1-1-0.dll
 0001:000f7ed1       __libm_sse2_exp_precise    100f8ed1 f   ucrt:api-ms-win-crt-math-l1-1-0.dll
 0001:000f7ed7       __libm_sse2_log10_precise  100f8ed7 f   ucrt:api-ms-win-crt-math-l1-1-0.dll
 0001:000f7edd       __libm_sse2_log_precise    100f8edd f   ucrt:api-ms-win-crt-math-l1-1-0.dll
 0001:000f7ee3       __libm_sse2_pow_precise    100f8ee3 f   ucrt:api-ms-win-crt-math-l1-1-0.dll
 0001:000f7ee9       __libm_sse2_sin_precise    100f8ee9 f   ucrt:api-ms-win-crt-math-l1-1-0.dll
 0001:000f7eef       __libm_sse2_sqrt_precise   100f8eef f   ucrt:api-ms-win-crt-math-l1-1-0.dll
 0001:000f7ef5       __libm_sse2_tan_precise    100f8ef5 f   ucrt:api-ms-win-crt-math-l1-1-0.dll
 0001:000f7efb       _ceil                      100f8efb f   ucrt:api-ms-win-crt-math-l1-1-0.dll
 0001:000f7f01       _floor                     100f8f01 f   ucrt:api-ms-win-crt-math-l1-1-0.dll
 0001:000f7f07       __except1                  100f8f07 f   ucrt:api-ms-win-crt-math-l1-1-0.dll
 0002:00000000       __imp__CryptEncrypt@28     100f9000     advapi32:ADVAPI32.dll
 0002:00000004       __imp__CryptDestroyKey@4   100f9004     advapi32:ADVAPI32.dll
 0002:00000008       __imp__CryptAcquireContextW@20 100f9008     advapi32:ADVAPI32.dll
 0002:0000000c       __imp__CryptDuplicateKey@16 100f900c     advapi32:ADVAPI32.dll
 0002:00000010       __imp__CryptDecrypt@24     100f9010     advapi32:ADVAPI32.dll
 0002:00000014       __imp__CryptCreateHash@20  100f9014     advapi32:ADVAPI32.dll
 0002:00000018       __imp__CryptDeriveKey@20   100f9018     advapi32:ADVAPI32.dll
 0002:0000001c       __imp__CryptHashData@16    100f901c     advapi32:ADVAPI32.dll
 0002:00000020       __imp__CryptDestroyHash@4  100f9020     advapi32:ADVAPI32.dll
 0002:00000024       \177ADVAPI32_NULL_THUNK_DATA 100f9024     advapi32:ADVAPI32.dll
 0002:00000028       __imp__LockFile@20         100f9028     kernel32:KERNEL32.dll
 0002:0000002c       __imp__LeaveCriticalSection@4 100f902c     kernel32:KERNEL32.dll
 0002:00000030       __imp__InitializeCriticalSection@4 100f9030     kernel32:KERNEL32.dll
 0002:00000034       __imp__SetFilePointer@16   100f9034     kernel32:KERNEL32.dll
 0002:00000038       __imp__GetFullPathNameA@16 100f9038     kernel32:KERNEL32.dll
 0002:0000003c       __imp__SetEndOfFile@4      100f903c     kernel32:KERNEL32.dll
 0002:00000040       __imp__UnlockFileEx@20     100f9040     kernel32:KERNEL32.dll
 0002:00000044       __imp__GetTempPathW@8      100f9044     kernel32:KERNEL32.dll
 0002:00000048       __imp__CreateMutexW@12     100f9048     kernel32:KERNEL32.dll
 0002:0000004c       __imp__WaitForSingleObject@8 100f904c     kernel32:KERNEL32.dll
 0002:00000050       __imp__CreateFileW@28      100f9050     kernel32:KERNEL32.dll
 0002:00000054       __imp__GetFileAttributesW@4 100f9054     kernel32:KERNEL32.dll
 0002:00000058       __imp__GetCurrentThreadId@0 100f9058     kernel32:KERNEL32.dll
 0002:0000005c       __imp__UnmapViewOfFile@4   100f905c     kernel32:KERNEL32.dll
 0002:00000060       __imp__HeapValidate@12     100f9060     kernel32:KERNEL32.dll
 0002:00000064       __imp__HeapSize@12         100f9064     kernel32:KERNEL32.dll
 0002:00000068       __imp__MultiByteToWideChar@24 100f9068     kernel32:KERNEL32.dll
 0002:0000006c       __imp__Sleep@4             100f906c     kernel32:KERNEL32.dll
 0002:00000070       __imp__GetTempPathA@8      100f9070     kernel32:KERNEL32.dll
 0002:00000074       __imp__FormatMessageW@28   100f9074     kernel32:KERNEL32.dll
 0002:00000078       __imp__GetDiskFreeSpaceA@20 100f9078     kernel32:KERNEL32.dll
 0002:0000007c       __imp__GetLastError@0      100f907c     kernel32:KERNEL32.dll
 0002:00000080       __imp__GetFileAttributesA@4 100f9080     kernel32:KERNEL32.dll
 0002:00000084       __imp__GetFileAttributesExW@12 100f9084     kernel32:KERNEL32.dll
 0002:00000088       __imp__OutputDebugStringW@4 100f9088     kernel32:KERNEL32.dll
 0002:0000008c       __imp__FlushViewOfFile@8   100f908c     kernel32:KERNEL32.dll
 0002:00000090       __imp__CreateFileA@28      100f9090     kernel32:KERNEL32.dll
 0002:00000094       __imp__LoadLibraryA@4      100f9094     kernel32:KERNEL32.dll
 0002:00000098       __imp__WaitForSingleObjectEx@12 100f9098     kernel32:KERNEL32.dll
 0002:0000009c       __imp__OutputDebugStringA@4 100f909c     kernel32:KERNEL32.dll
 0002:000000a0       __imp__DeleteFileW@4       100f90a0     kernel32:KERNEL32.dll
 0002:000000a4       __imp__HeapReAlloc@16      100f90a4     kernel32:KERNEL32.dll
 0002:000000a8       __imp__CloseHandle@4       100f90a8     kernel32:KERNEL32.dll
 0002:000000ac       __imp__GetSystemInfo@4     100f90ac     kernel32:KERNEL32.dll
 0002:000000b0       __imp__LoadLibraryW@4      100f90b0     kernel32:KERNEL32.dll
 0002:000000b4       __imp__HeapAlloc@12        100f90b4     kernel32:KERNEL32.dll
 0002:000000b8       __imp__HeapCompact@8       100f90b8     kernel32:KERNEL32.dll
 0002:000000bc       __imp__HeapDestroy@4       100f90bc     kernel32:KERNEL32.dll
 0002:000000c0       __imp__UnlockFile@20       100f90c0     kernel32:KERNEL32.dll
 0002:000000c4       __imp__GetProcAddress@8    100f90c4     kernel32:KERNEL32.dll
 0002:000000c8       __imp__LocalFree@4         100f90c8     kernel32:KERNEL32.dll
 0002:000000cc       __imp__LockFileEx@24       100f90cc     kernel32:KERNEL32.dll
 0002:000000d0       __imp__GetFileSize@8       100f90d0     kernel32:KERNEL32.dll
 0002:000000d4       __imp__DeleteCriticalSection@4 100f90d4     kernel32:KERNEL32.dll
 0002:000000d8       __imp__GetCurrentProcessId@0 100f90d8     kernel32:KERNEL32.dll
 0002:000000dc       __imp__GetProcessHeap@0    100f90dc     kernel32:KERNEL32.dll
 0002:000000e0       __imp__SystemTimeToFileTime@8 100f90e0     kernel32:KERNEL32.dll
 0002:000000e4       __imp__FreeLibrary@4       100f90e4     kernel32:KERNEL32.dll
 0002:000000e8       __imp__WideCharToMultiByte@32 100f90e8     kernel32:KERNEL32.dll
 0002:000000ec       __imp__GetSystemTimeAsFileTime@4 100f90ec     kernel32:KERNEL32.dll
 0002:000000f0       __imp__GetSystemTime@4     100f90f0     kernel32:KERNEL32.dll
 0002:000000f4       __imp__FormatMessageA@28   100f90f4     kernel32:KERNEL32.dll
 0002:000000f8       __imp__CreateFileMappingW@24 100f90f8     kernel32:KERNEL32.dll
 0002:000000fc       __imp__MapViewOfFile@20    100f90fc     kernel32:KERNEL32.dll
 0002:00000100       __imp__QueryPerformanceCounter@4 100f9100     kernel32:KERNEL32.dll
 0002:00000104       __imp__GetTickCount@0      100f9104     kernel32:KERNEL32.dll
 0002:00000108       __imp__FlushFileBuffers@4  100f9108     kernel32:KERNEL32.dll
 0002:0000010c       __imp__GetDiskFreeSpaceW@20 100f910c     kernel32:KERNEL32.dll
 0002:00000110       __imp__WriteFile@20        100f9110     kernel32:KERNEL32.dll
 0002:00000114       __imp__GetFullPathNameW@16 100f9114     kernel32:KERNEL32.dll
 0002:00000118       __imp__EnterCriticalSection@4 100f9118     kernel32:KERNEL32.dll
 0002:0000011c       __imp__HeapFree@12         100f911c     kernel32:KERNEL32.dll
 0002:00000120       __imp__HeapCreate@12       100f9120     kernel32:KERNEL32.dll
 0002:00000124       __imp__AreFileApisANSI@0   100f9124     kernel32:KERNEL32.dll
 0002:00000128       __imp__TryEnterCriticalSection@4 100f9128     kernel32:KERNEL32.dll
 0002:0000012c       __imp__ReadFile@20         100f912c     kernel32:KERNEL32.dll
 0002:00000130       __imp__DeleteFileA@4       100f9130     kernel32:KERNEL32.dll
 0002:00000134       __imp__IsDebuggerPresent@0 100f9134     kernel32:KERNEL32.dll
 0002:00000138       __imp__InitializeSListHead@4 100f9138     kernel32:KERNEL32.dll
 0002:0000013c       __imp__DisableThreadLibraryCalls@4 100f913c     kernel32:KERNEL32.dll
 0002:00000140       __imp__IsProcessorFeaturePresent@4 100f9140     kernel32:KERNEL32.dll
 0002:00000144       __imp__TerminateProcess@8  100f9144     kernel32:KERNEL32.dll
 0002:00000148       __imp__GetCurrentProcess@0 100f9148     kernel32:KERNEL32.dll
 0002:0000014c       __imp__SetUnhandledExceptionFilter@4 100f914c     kernel32:KERNEL32.dll
 0002:00000150       __imp__UnhandledExceptionFilter@4 100f9150     kernel32:KERNEL32.dll
 0002:00000154       \177KERNEL32_NULL_THUNK_DATA 100f9154     kernel32:KERNEL32.dll
 0002:00000158       __imp__memset              100f9158     vcruntime:VCRUNTIME140.dll
 0002:0000015c       __imp____std_type_info_destroy_list 100f915c     vcruntime:VCRUNTIME140.dll
 0002:00000160       __imp___except_handler4_common 100f9160     vcruntime:VCRUNTIME140.dll
 0002:00000164       __imp__memcpy              100f9164     vcruntime:VCRUNTIME140.dll
 0002:00000168       __imp__memmove             100f9168     vcruntime:VCRUNTIME140.dll
 0002:0000016c       \177VCRUNTIME140_NULL_THUNK_DATA 100f916c     vcruntime:VCRUNTIME140.dll
 0002:00000170       __imp__calloc              100f9170     ucrt:api-ms-win-crt-heap-l1-1-0.dll
 0002:00000174       __imp__free                100f9174     ucrt:api-ms-win-crt-heap-l1-1-0.dll
 0002:00000178       \177api-ms-win-crt-heap-l1-1-0_NULL_THUNK_DATA 100f9178     ucrt:api-ms-win-crt-heap-l1-1-0.dll
 0002:0000017c       __imp__acosh               100f917c     ucrt:api-ms-win-crt-math-l1-1-0.dll
 0002:00000180       __imp___libm_sse2_exp_precise 100f9180     ucrt:api-ms-win-crt-math-l1-1-0.dll
 0002:00000184       __imp__asinh               100f9184     ucrt:api-ms-win-crt-math-l1-1-0.dll
 0002:00000188       __imp___libm_sse2_cos_precise 100f9188     ucrt:api-ms-win-crt-math-l1-1-0.dll
 0002:0000018c       __imp___libm_sse2_log_precise 100f918c     ucrt:api-ms-win-crt-math-l1-1-0.dll
 0002:00000190       __imp___libm_sse2_asin_precise 100f9190     ucrt:api-ms-win-crt-math-l1-1-0.dll
 0002:00000194       __imp___libm_sse2_acos_precise 100f9194     ucrt:api-ms-win-crt-math-l1-1-0.dll
 0002:00000198       __imp___CItanh             100f9198     ucrt:api-ms-win-crt-math-l1-1-0.dll
 0002:0000019c       __imp___CIsinh             100f919c     ucrt:api-ms-win-crt-math-l1-1-0.dll
 0002:000001a0       __imp___CIcosh             100f91a0     ucrt:api-ms-win-crt-math-l1-1-0.dll
 0002:000001a4       __imp___CIatan2            100f91a4     ucrt:api-ms-win-crt-math-l1-1-0.dll
 0002:000001a8       __imp___libm_sse2_pow_precise 100f91a8     ucrt:api-ms-win-crt-math-l1-1-0.dll
 0002:000001ac       __imp___libm_sse2_sin_precise 100f91ac     ucrt:api-ms-win-crt-math-l1-1-0.dll
 0002:000001b0       __imp___libm_sse2_sqrt_precise 100f91b0     ucrt:api-ms-win-crt-math-l1-1-0.dll
 0002:000001b4       __imp___libm_sse2_tan_precise 100f91b4     ucrt:api-ms-win-crt-math-l1-1-0.dll
 0002:000001b8       __imp___libm_sse2_log10_precise 100f91b8     ucrt:api-ms-win-crt-math-l1-1-0.dll
 0002:000001bc       __imp__ceil                100f91bc     ucrt:api-ms-win-crt-math-l1-1-0.dll
 0002:000001c0       __imp__floor               100f91c0     ucrt:api-ms-win-crt-math-l1-1-0.dll
 0002:000001c4       __imp___libm_sse2_atan_precise 100f91c4     ucrt:api-ms-win-crt-math-l1-1-0.dll
 0002:000001c8       __imp__atanh               100f91c8     ucrt:api-ms-win-crt-math-l1-1-0.dll
 0002:000001cc       __imp___except1            100f91cc     ucrt:api-ms-win-crt-math-l1-1-0.dll
 0002:000001d0       \177api-ms-win-crt-math-l1-1-0_NULL_THUNK_DATA 100f91d0     ucrt:api-ms-win-crt-math-l1-1-0.dll
 0002:000001d4       __imp__strerror            100f91d4     ucrt:api-ms-win-crt-runtime-l1-1-0.dll
 0002:000001d8       __imp___endthreadex        100f91d8     ucrt:api-ms-win-crt-runtime-l1-1-0.dll
 0002:000001dc       __imp___errno              100f91dc     ucrt:api-ms-win-crt-runtime-l1-1-0.dll
 0002:000001e0       __imp___beginthreadex      100f91e0     ucrt:api-ms-win-crt-runtime-l1-1-0.dll
 0002:000001e4       __imp___initterm           100f91e4     ucrt:api-ms-win-crt-runtime-l1-1-0.dll
 0002:000001e8       __imp___initterm_e         100f91e8     ucrt:api-ms-win-crt-runtime-l1-1-0.dll
 0002:000001ec       __imp___seh_filter_dll     100f91ec     ucrt:api-ms-win-crt-runtime-l1-1-0.dll
 0002:000001f0       __imp___cexit              100f91f0     ucrt:api-ms-win-crt-runtime-l1-1-0.dll
 0002:000001f4       __imp___execute_onexit_table 100f91f4     ucrt:api-ms-win-crt-runtime-l1-1-0.dll
 0002:000001f8       __imp___initialize_onexit_table 100f91f8     ucrt:api-ms-win-crt-runtime-l1-1-0.dll
 0002:000001fc       __imp___initialize_narrow_environment 100f91fc     ucrt:api-ms-win-crt-runtime-l1-1-0.dll
 0002:00000200       __imp___configure_narrow_argv 100f9200     ucrt:api-ms-win-crt-runtime-l1-1-0.dll
 0002:00000204       \177api-ms-win-crt-runtime-l1-1-0_NULL_THUNK_DATA 100f9204     ucrt:api-ms-win-crt-runtime-l1-1-0.dll
 0002:00000208       __imp__tolower             100f9208     ucrt:api-ms-win-crt-string-l1-1-0.dll
 0002:0000020c       __imp__strcspn             100f920c     ucrt:api-ms-win-crt-string-l1-1-0.dll
 0002:00000210       __imp__toupper             100f9210     ucrt:api-ms-win-crt-string-l1-1-0.dll
 0002:00000214       __imp__isblank             100f9214     ucrt:api-ms-win-crt-string-l1-1-0.dll
 0002:00000218       __imp__isalpha             100f9218     ucrt:api-ms-win-crt-string-l1-1-0.dll
 0002:0000021c       __imp__strncmp             100f921c     ucrt:api-ms-win-crt-string-l1-1-0.dll
 0002:00000220       __imp__strncpy             100f9220     ucrt:api-ms-win-crt-string-l1-1-0.dll
 0002:00000224       \177api-ms-win-crt-string-l1-1-0_NULL_THUNK_DATA 100f9224     ucrt:api-ms-win-crt-string-l1-1-0.dll
 0002:00000228       __imp___localtime64_s      100f9228     ucrt:api-ms-win-crt-time-l1-1-0.dll
 0002:0000022c       \177api-ms-win-crt-time-l1-1-0_NULL_THUNK_DATA 100f922c     ucrt:api-ms-win-crt-time-l1-1-0.dll
 0002:00000230       __imp__qsort               100f9230     ucrt:api-ms-win-crt-utility-l1-1-0.dll
 0002:00000234       \177api-ms-win-crt-utility-l1-1-0_NULL_THUNK_DATA 100f9234     ucrt:api-ms-win-crt-utility-l1-1-0.dll
 0002:00000238       ___guard_check_icall_fptr  100f9238     MSVCRT:guard_support.obj
 0002:0000023c       ___xc_a                    100f923c     MSVCRT:initializers.obj
 0002:00000240       ___xc_z                    100f9240     MSVCRT:initializers.obj
 0002:00000244       ___xi_a                    100f9244     MSVCRT:initializers.obj
 0002:00000248       ___xi_z                    100f9248     MSVCRT:initializers.obj
 0002:0000024c       ___xp_a                    100f924c     MSVCRT:initializers.obj
 0002:00000250       ___xp_z                    100f9250     MSVCRT:initializers.obj
 0002:00000254       ___xt_a                    100f9254     MSVCRT:initializers.obj
 0002:00000258       ___xt_z                    100f9258     MSVCRT:initializers.obj
 0002:00000268       __pRawDllMain              100f9268     MSVCRT:dll_dllmain.obj
 0002:00000268       __pDefaultRawDllMain       100f9268     MSVCRT:dll_dllmain.obj
 0002:0000026c       ??_C@_0BD@FELNKPDO@COMPILER?$DNmsvc?91915@ 100f926c     interop.obj
 0002:00000280       ??_C@_0BB@NKOFIICJ@ENABLE_API_ARMOR@ 100f9280     interop.obj
 0002:00000294       ??_C@_0BH@CMJLKIMD@ENABLE_COLUMN_METADATA@ 100f9294     interop.obj
 0002:000002ac       ??_C@_0BD@KNIHDNAP@ENABLE_DBSTAT_VTAB@ 100f92ac     interop.obj
 0002:000002c0       ??_C@_0M@LFFMHLBN@ENABLE_FTS3@ 100f92c0     interop.obj
 0002:000002cc       ??_C@_0BG@DOKPBAOP@ENABLE_LOAD_EXTENSION@ 100f92cc     interop.obj
 0002:000002e4       ??_C@_0BJ@LLLBHPOM@ENABLE_MEMORY_MANAGEMENT@ 100f92e4     interop.obj
 0002:00000300       ??_C@_0BG@ECILBGJA@ENABLE_PREUPDATE_HOOK@ 100f9300     interop.obj
 0002:00000318       ??_C@_0N@JODKLIOI@ENABLE_RTREE@ 100f9318     interop.obj
 0002:00000328       ??_C@_0P@CFAIONMN@ENABLE_SESSION@ 100f9328     interop.obj
 0002:00000338       ??_C@_0N@DMAKBCMM@ENABLE_STAT4@ 100f9338     interop.obj
 0002:00000348       ??_C@_0BA@NDLOOKAJ@ENABLE_STMTVTAB@ 100f9348     interop.obj
 0002:00000358       ??_C@_09LMNJIBDP@HAS_CODEC@ 100f9358     interop.obj
 0002:00000364       ??_C@_07FIPCPJFC@SOUNDEX@  100f9364     interop.obj
 0002:0000036c       ??_C@_0N@HEAGAILC@THREADSAFE?$DN1@ 100f936c     interop.obj
 0002:0000037c       ??_C@_07MCKABMNJ@USE_URI@  100f937c     interop.obj
 0002:00000384       ??_C@_0N@KPAIEOFP@WIN32_MALLOC@ 100f9384     interop.obj
 0002:00000394       ??_C@_01GBGANLPD@0@        100f9394     interop.obj
 0002:00000398       ??_C@_01HIHLOKLC@1@        100f9398     interop.obj
 0002:0000039c       ??_C@_07DNDIJFOK@20b?320e@ 100f939c     interop.obj
 0002:000003a4       ??_C@_07PGGEEGEP@20c?320e@ 100f93a4     interop.obj
 0002:000003ac       ??_C@_03LIHIGKLL@20e@      100f93ac     interop.obj
 0002:000003b0       ??_C@_0M@FJDHLCLG@40f?921a?921d@ 100f93b0     interop.obj
 0002:000003bc       ??_C@_03CGLHMDPP@now@      100f93bc     interop.obj
 0002:000003c0       ??_C@_0BH@HEILFFIJ@local?5time?5unavailable@ 100f93c0     interop.obj
 0002:000003d8       ??_C@_06BJCFNGJP@second@   100f93d8     interop.obj
 0002:000003e0       ??_C@_06JGJIJFNK@minute@   100f93e0     interop.obj
 0002:000003e8       ??_C@_04LMOJGCPE@hour@     100f93e8     interop.obj
 0002:000003f0       ??_C@_03NNBHCDBP@day@      100f93f0     interop.obj
 0002:000003f4       ??_C@_05MEBAADFH@month@    100f93f4     interop.obj
 0002:000003fc       ??_C@_04JFPLDHAO@year@     100f93fc     interop.obj
 0002:00000404       ??_C@_09EKBOCLDN@localtime@ 100f9404     interop.obj
 0002:00000410       ??_C@_09KNIMKLBK@unixepoch@ 100f9410     interop.obj
 0002:0000041c       ??_C@_03JPHCIIKF@utc@      100f941c     interop.obj
 0002:00000420       ??_C@_08IPAOEBNP@weekday?5@ 100f9420     interop.obj
 0002:0000042c       ??_C@_09CABLEOFK@start?5of?5@ 100f942c     interop.obj
 0002:00000438       ??_C@_0BO@NGNOHJIK@?$CF04d?9?$CF02d?9?$CF02d?5?$CF02d?3?$CF02d?3?$CF02d@ 100f9438     interop.obj
 0002:00000458       ??_C@_0P@PLMNPDMB@?$CF02d?3?$CF02d?3?$CF02d@ 100f9458     interop.obj
 0002:00000468       ??_C@_0P@MCDGMPHH@?$CF04d?9?$CF02d?9?$CF02d@ 100f9468     interop.obj
 0002:00000478       ??_C@_04OGKJMPGK@?$CF02d@  100f9478     interop.obj
 0002:00000480       ??_C@_06IAGKDDNE@?$CF06?43f@ 100f9480     interop.obj
 0002:00000488       ??_C@_04OHGLKFFN@?$CF03d@  100f9488     interop.obj
 0002:00000490       ??_C@_05CFGAKADK@?$CF?416g@ 100f9490     interop.obj
 0002:00000498       ??_C@_04BFAHMMK@?$CFlld@   100f9498     interop.obj
 0002:000004a0       ??_C@_04OCCELDNI@?$CF04d@  100f94a0     interop.obj
 0002:000004a8       ??_C@_09BPOICPEH@julianday@ 100f94a8     interop.obj
 0002:000004b4       ??_C@_04JNIHBGGH@date@     100f94b4     interop.obj
 0002:000004bc       ??_C@_04CLCEDBPF@time@     100f94bc     interop.obj
 0002:000004c4       ??_C@_08FGNPMIBK@datetime@ 100f94c4     interop.obj
 0002:000004d0       ??_C@_08EPGBJPHJ@strftime@ 100f94d0     interop.obj
 0002:000004dc       ??_C@_0N@IPDKEGPB@current_time@ 100f94dc     interop.obj
 0002:000004ec       ??_C@_0BC@DDICBCEN@current_timestamp@ 100f94ec     interop.obj
 0002:00000500       ??_C@_0N@DJJJGBGD@current_date@ 100f9500     interop.obj
 0002:00000510       ??_C@_01FGNFDNOH@?$CF@     100f9510     interop.obj
 0002:00000514       ??_C@_03ICJPMMHB@NaN@      100f9514     interop.obj
 0002:00000518       ??_C@_00CNPNBAHC@@         100f9518     interop.obj
 0002:0000051c       ??_C@_04HIBGFPH@NULL@      100f951c     interop.obj
 0002:00000524       ??_C@_06LHGEHABH@?$CINULL?$CJ@ 100f9524     interop.obj
 0002:0000052c       ??_C@_01LFCBOECM@?4@       100f952c     interop.obj
 0002:00000530       ??_C@_0BD@FKIFACO@922337203685477580@ 100f9530     interop.obj
 0002:00000544       ??_C@_0CN@EOKIBNLJ@API?5call?5with?5?$CFs?5database?5conne@ 100f9544     interop.obj
 0002:00000574       ??_C@_08NFNJDBOK@unopened@ 100f9574     interop.obj
 0002:00000580       ??_C@_07MALOAKCI@invalid@  100f9580     interop.obj
 0002:00000588       ??_C@_09OJILMLHM@Savepoint@ 100f9588     interop.obj
 0002:00000594       ??_C@_0L@BPKAOEDK@AutoCommit@ 100f9594     interop.obj
 0002:000005a0       ??_C@_0M@MEGKBOMN@Transaction@ 100f95a0     interop.obj
 0002:000005ac       ??_C@_0L@MGGJHFHJ@SorterNext@ 100f95ac     interop.obj
 0002:000005b8       ??_C@_0L@GJHBGGGF@PrevIfOpen@ 100f95b8     interop.obj
 0002:000005c4       ??_C@_0L@EPCJLBGC@NextIfOpen@ 100f95c4     interop.obj
 0002:000005d0       ??_C@_04PHIBHIIF@Prev@     100f95d0     interop.obj
 0002:000005d8       ??_C@_04MDFHGMOB@Next@     100f95d8     interop.obj
 0002:000005e0       ??_C@_0L@IHLHABNJ@Checkpoint@ 100f95e0     interop.obj
 0002:000005ec       ??_C@_0M@FAIDBMDK@JournalMode@ 100f95ec     interop.obj
 0002:000005f8       ??_C@_06OBCEMCJB@Vacuum@   100f95f8     interop.obj
 0002:00000600       ??_C@_07OKDOHLDO@VFilter@  100f9600     interop.obj
 0002:00000608       ??_C@_07NHABAPID@VUpdate@  100f9608     interop.obj
 0002:00000610       ??_C@_04BNGNMAK@Goto@      100f9610     interop.obj
 0002:00000618       ??_C@_05DLHJCIPI@Gosub@    100f9618     interop.obj
 0002:00000620       ??_C@_0O@OADCGMIE@InitCoroutine@ 100f9620     interop.obj
 0002:00000630       ??_C@_05LNDKIJIJ@Yield@    100f9630     interop.obj
 0002:00000638       ??_C@_09LLJOBHN@MustBeInt@ 100f9638     interop.obj
 0002:00000644       ??_C@_04BIEPDJCB@Jump@     100f9644     interop.obj
 0002:0000064c       ??_C@_03KNKIDPAC@Not@      100f964c     interop.obj
 0002:00000650       ??_C@_04GKJMKNNB@Once@     100f9650     interop.obj
 0002:00000658       ??_C@_02EMFCFMID@If@       100f9658     interop.obj
 0002:0000065c       ??_C@_05DALJIPE@IfNot@     100f965c     interop.obj
 0002:00000664       ??_C@_09LCOBJNPG@IfNullRow@ 100f9664     interop.obj
 0002:00000670       ??_C@_06DCDFCJIJ@SeekLT@   100f9670     interop.obj
 0002:00000678       ??_C@_06GBOMAKJJ@SeekLE@   100f9678     interop.obj
 0002:00000680       ??_C@_06GNLJOFHI@SeekGE@   100f9680     interop.obj
 0002:00000688       ??_C@_06DOGAMGGI@SeekGT@   100f9688     interop.obj
 0002:00000690       ??_C@_0L@MAHEJOGD@NoConflict@ 100f9690     interop.obj
 0002:0000069c       ??_C@_08MDBAGECB@NotFound@ 100f969c     interop.obj
 0002:000006a8       ??_C@_05JDGHEPJG@Found@    100f96a8     interop.obj
 0002:000006b0       ??_C@_09KDEDFHKA@SeekRowid@ 100f96b0     interop.obj
 0002:000006bc       ??_C@_09HMMGFEAA@NotExists@ 100f96bc     interop.obj
 0002:000006c8       ??_C@_04DKKAEHDH@Last@     100f96c8     interop.obj
 0002:000006d0       ??_C@_09NNOEIGHK@IfSmaller@ 100f96d0     interop.obj
 0002:000006dc       ??_C@_0L@DMDDEDPI@SorterSort@ 100f96dc     interop.obj
 0002:000006e8       ??_C@_04DJANFKGA@Sort@     100f96e8     interop.obj
 0002:000006f0       ??_C@_06MAOEIKCJ@Rewind@   100f96f0     interop.obj
 0002:000006f8       ??_C@_05FANNJDOC@IdxLE@    100f96f8     interop.obj
 0002:00000700       ??_C@_05PFBFPBD@IdxGT@     100f9700     interop.obj
 0002:00000708       ??_C@_05DAELAPC@IdxLT@     100f9708     interop.obj
 0002:00000710       ??_C@_05FMIIHMAD@IdxGE@    100f9710     interop.obj
 0002:00000718       ??_C@_0L@JELPJHIJ@RowSetRead@ 100f9718     interop.obj
 0002:00000724       ??_C@_02GGHBPHGE@Or@       100f9724     interop.obj
 0002:00000728       ??_C@_03LOMLFHDC@And@      100f9728     interop.obj
 0002:0000072c       ??_C@_0L@EOJPAHGG@RowSetTest@ 100f972c     interop.obj
 0002:00000738       ??_C@_07DOMMNIGK@Program@  100f9738     interop.obj
 0002:00000740       ??_C@_08PNIKOKNB@FkIfZero@ 100f9740     interop.obj
 0002:0000074c       ??_C@_05PMIMCOJP@IfPos@    100f974c     interop.obj
 0002:00000754       ??_C@_09ELLCPLME@IfNotZero@ 100f9754     interop.obj
 0002:00000760       ??_C@_06NBBMPCN@IsNull@    100f9760     interop.obj
 0002:00000768       ??_C@_07HICACDPL@NotNull@  100f9768     interop.obj
 0002:00000770       ??_C@_02GCDABJMF@Ne@       100f9770     interop.obj
 0002:00000774       ??_C@_02EAMLCBHB@Eq@       100f9774     interop.obj
 0002:00000778       ??_C@_02DODIABFK@Gt@       100f9778     interop.obj
 0002:0000077c       ??_C@_02GBLEMNKL@Le@       100f977c     interop.obj
 0002:00000780       ??_C@_02DCGNOOLL@Lt@       100f9780     interop.obj
 0002:00000784       ??_C@_02GNOBCCEK@Ge@       100f9784     interop.obj
 0002:00000788       ??_C@_09KPPIGHDL@ElseNotEq@ 100f9788     interop.obj
 0002:00000794       ??_C@_0N@IDMANBEA@DecrJumpZero@ 100f9794     interop.obj
 0002:000007a4       ??_C@_0L@POHPJECG@IncrVacuum@ 100f97a4     interop.obj
 0002:000007b0       ??_C@_05GOGANBLF@VNext@    100f97b0     interop.obj
 0002:000007b8       ??_C@_04LLJCPOLH@Init@     100f97b8     interop.obj
 0002:000007c0       ??_C@_06HCFIKKEA@Return@   100f97c0     interop.obj
 0002:000007c8       ??_C@_0N@FPMLICGC@EndCoroutine@ 100f97c8     interop.obj
 0002:000007d8       ??_C@_0L@GIACEIKJ@HaltIfNull@ 100f97d8     interop.obj
 0002:000007e4       ??_C@_04NIFKAFLK@Halt@     100f97e4     interop.obj
 0002:000007ec       ??_C@_07EDADKEAH@Integer@  100f97ec     interop.obj
 0002:000007f4       ??_C@_05DPPJJBMK@Int64@    100f97f4     interop.obj
 0002:000007fc       ??_C@_06ENNEIMBA@String@   100f97fc     interop.obj
 0002:00000804       ??_C@_04KHKKIIL@Null@      100f9804     interop.obj
 0002:0000080c       ??_C@_08BAJALCJE@SoftNull@ 100f980c     interop.obj
 0002:00000818       ??_C@_04HOFOMOEI@Blob@     100f9818     interop.obj
 0002:00000820       ??_C@_08DMMJCAML@Variable@ 100f9820     interop.obj
 0002:0000082c       ??_C@_04LCANPIEP@Move@     100f982c     interop.obj
 0002:00000834       ??_C@_04OPMHGHMB@Copy@     100f9834     interop.obj
 0002:0000083c       ??_C@_05BCDNELCG@SCopy@    100f983c     interop.obj
 0002:00000844       ??_C@_07DBCPOOBM@IntCopy@  100f9844     interop.obj
 0002:0000084c       ??_C@_09BKHKEBMD@ResultRow@ 100f984c     interop.obj
 0002:00000858       ??_C@_07MCEFGNMJ@CollSeq@  100f9858     interop.obj
 0002:00000860       ??_C@_06JHIJIKD@AddImm@    100f9860     interop.obj
 0002:00000868       ??_C@_0N@KGPEGHPK@RealAffinity@ 100f9868     interop.obj
 0002:00000878       ??_C@_04LIPANAOG@Cast@     100f9878     interop.obj
 0002:00000880       ??_C@_0M@LPEOJDB@Permutation@ 100f9880     interop.obj
 0002:0000088c       ??_C@_07MBOMJGGF@Compare@  100f988c     interop.obj
 0002:00000894       ??_C@_06PCNOCLJN@BitAnd@   100f9894     interop.obj
 0002:0000089c       ??_C@_05BKBNAGEF@BitOr@    100f989c     interop.obj
 0002:000008a4       ??_C@_09IIGOLNPP@ShiftLeft@ 100f98a4     interop.obj
 0002:000008b0       ??_C@_0L@DHHFIOFJ@ShiftRight@ 100f98b0     interop.obj
 0002:000008bc       ??_C@_03LDFMNCOE@Add@      100f98bc     interop.obj
 0002:000008c0       ??_C@_08DLEJPBEP@Subtract@ 100f98c0     interop.obj
 0002:000008cc       ??_C@_08EOBDLMOI@Multiply@ 100f98cc     interop.obj
 0002:000008d8       ??_C@_06JKMEHOIB@Divide@   100f98d8     interop.obj
 0002:000008e0       ??_C@_09DPOHBCHJ@Remainder@ 100f98e0     interop.obj
 0002:000008ec       ??_C@_06ODAFHOMO@Concat@   100f98ec     interop.obj
 0002:000008f4       ??_C@_06HIKDFLAB@IsTrue@   100f98f4     interop.obj
 0002:000008fc       ??_C@_06OBLNEDKN@BitNot@   100f98fc     interop.obj
 0002:00000904       ??_C@_06GEMKPBPA@Offset@   100f9904     interop.obj
 0002:0000090c       ??_C@_06FFIACGFC@Column@   100f990c     interop.obj
 0002:00000914       ??_C@_07KGFHIBD@String8@   100f9914     interop.obj
 0002:0000091c       ??_C@_08MMCPABPC@Affinity@ 100f991c     interop.obj
 0002:00000928       ??_C@_0L@PGPMFKDB@MakeRecord@ 100f9928     interop.obj
 0002:00000934       ??_C@_05IJGIMMHE@Count@    100f9934     interop.obj
 0002:0000093c       ??_C@_0L@LIFFPDNM@ReadCookie@ 100f993c     interop.obj
 0002:00000948       ??_C@_09FEDANMPL@SetCookie@ 100f9948     interop.obj
 0002:00000954       ??_C@_09GCNMLHFL@ReopenIdx@ 100f9954     interop.obj
 0002:00000960       ??_C@_08FJFCCPFB@OpenRead@ 100f9960     interop.obj
 0002:0000096c       ??_C@_09FPCAPNBB@OpenWrite@ 100f996c     interop.obj
 0002:00000978       ??_C@_07JBEAGLBO@OpenDup@  100f9978     interop.obj
 0002:00000980       ??_C@_0O@LLCBFLCA@OpenAutoindex@ 100f9980     interop.obj
 0002:00000990       ??_C@_0O@MHKNMBPC@OpenEphemeral@ 100f9990     interop.obj
 0002:000009a0       ??_C@_0L@DIBNDBJM@SorterOpen@ 100f99a0     interop.obj
 0002:000009ac       ??_C@_0N@DGILIAAH@SequenceTest@ 100f99ac     interop.obj
 0002:000009bc       ??_C@_0L@PKPPHKBP@OpenPseudo@ 100f99bc     interop.obj
 0002:000009c8       ??_C@_05LGELBCGM@Close@    100f99c8     interop.obj
 0002:000009d0       ??_C@_0M@KKDBEJBG@ColumnsUsed@ 100f99d0     interop.obj
 0002:000009dc       ??_C@_08DOCONEG@Sequence@  100f99dc     interop.obj
 0002:000009e8       ??_C@_08FEDJPMPH@NewRowid@ 100f99e8     interop.obj
 0002:000009f4       ??_C@_06CPFCODOD@Insert@   100f99f4     interop.obj
 0002:000009fc       ??_C@_09LEJELDEO@InsertInt@ 100f99fc     interop.obj
 0002:00000a08       ??_C@_06JBKGCNBB@Delete@   100f9a08     interop.obj
 0002:00000a10       ??_C@_0L@NDDNCBN@ResetCount@ 100f9a10     interop.obj
 0002:00000a1c       ??_C@_0O@GIINMLJL@SorterCompare@ 100f9a1c     interop.obj
 0002:00000a2c       ??_C@_0L@DNBEOFPP@SorterData@ 100f9a2c     interop.obj
 0002:00000a38       ??_C@_07OHPACBNN@RowData@  100f9a38     interop.obj
 0002:00000a40       ??_C@_05KEGGNBBF@Rowid@    100f9a40     interop.obj
 0002:00000a48       ??_C@_07HJJPPOKN@NullRow@  100f9a48     interop.obj
 0002:00000a50       ??_C@_07MBDDIPMC@SeekEnd@  100f9a50     interop.obj
 0002:00000a58       ??_C@_0N@PCKBEOAP@SorterInsert@ 100f9a58     interop.obj
 0002:00000a68       ??_C@_09ENCBCCAM@IdxInsert@ 100f9a68     interop.obj
 0002:00000a74       ??_C@_09PDNFOMPO@IdxDelete@ 100f9a74     interop.obj
 0002:00000a80       ??_C@_0N@HDHEJACK@DeferredSeek@ 100f9a80     interop.obj
 0002:00000a90       ??_C@_08KLKOBEJ@IdxRowid@  100f9a90     interop.obj
 0002:00000a9c       ??_C@_07BDCAJABG@Destroy@  100f9a9c     interop.obj
 0002:00000aa4       ??_C@_04PHKLBGME@Real@     100f9aa4     interop.obj
 0002:00000aac       ??_C@_05MDNHABIA@Clear@    100f9aac     interop.obj
 0002:00000ab4       ??_C@_0M@IJLMHKBN@ResetSorter@ 100f9ab4     interop.obj
 0002:00000ac0       ??_C@_0M@DBLJACAP@CreateBtree@ 100f9ac0     interop.obj
 0002:00000acc       ??_C@_07EKAJKOOI@SqlExec@  100f9acc     interop.obj
 0002:00000ad4       ??_C@_0M@IPJMJJPI@ParseSchema@ 100f9ad4     interop.obj
 0002:00000ae0       ??_C@_0N@FEAPPFEN@LoadAnalysis@ 100f9ae0     interop.obj
 0002:00000af0       ??_C@_09ELPHDPAO@DropTable@ 100f9af0     interop.obj
 0002:00000afc       ??_C@_09KDDJLBNF@DropIndex@ 100f9afc     interop.obj
 0002:00000b08       ??_C@_0M@JKNINGPB@DropTrigger@ 100f9b08     interop.obj
 0002:00000b14       ??_C@_0M@KCIGPGBI@IntegrityCk@ 100f9b14     interop.obj
 0002:00000b20       ??_C@_09KPGKMOML@RowSetAdd@ 100f9b20     interop.obj
 0002:00000b2c       ??_C@_05LOJBNELM@Param@    100f9b2c     interop.obj
 0002:00000b34       ??_C@_09EBKOHGDP@FkCounter@ 100f9b34     interop.obj
 0002:00000b40       ??_C@_06LJFJMLCE@MemMax@   100f9b40     interop.obj
 0002:00000b48       ??_C@_0M@MCOGCAAC@OffsetLimit@ 100f9b48     interop.obj
 0002:00000b54       ??_C@_08EFCHECBI@AggStep0@ 100f9b54     interop.obj
 0002:00000b60       ??_C@_07NOMHFNIB@AggStep@  100f9b60     interop.obj
 0002:00000b68       ??_C@_08FCKHNOBN@AggFinal@ 100f9b68     interop.obj
 0002:00000b74       ??_C@_06GDNCIOGJ@Expire@   100f9b74     interop.obj
 0002:00000b7c       ??_C@_09FDKNKOOK@TableLock@ 100f9b7c     interop.obj
 0002:00000b88       ??_C@_06CLFNNGGK@VBegin@   100f9b88     interop.obj
 0002:00000b90       ??_C@_07KDKHCOMM@VCreate@  100f9b90     interop.obj
 0002:00000b98       ??_C@_08JBEDGDCN@VDestroy@ 100f9b98     interop.obj
 0002:00000ba4       ??_C@_05JABEJFFA@VOpen@    100f9ba4     interop.obj
 0002:00000bac       ??_C@_07DOIHNMAE@VColumn@  100f9bac     interop.obj
 0002:00000bb4       ??_C@_07BIPKCCHL@VRename@  100f9bb4     interop.obj
 0002:00000bbc       ??_C@_09CNCANJNI@Pagecount@ 100f9bbc     interop.obj
 0002:00000bc8       ??_C@_08PCPIJAPH@MaxPgcnt@ 100f9bc8     interop.obj
 0002:00000bd4       ??_C@_09IOLDCHIA@PureFunc0@ 100f9bd4     interop.obj
 0002:00000be0       ??_C@_09LAABOPGC@Function0@ 100f9be0     interop.obj
 0002:00000bec       ??_C@_08CLBBEJDB@PureFunc@ 100f9bec     interop.obj
 0002:00000bf8       ??_C@_08PHKOHANG@Function@ 100f9bf8     interop.obj
 0002:00000c04       ??_C@_05ILLBNNOP@Trace@    100f9c04     interop.obj
 0002:00000c0c       ??_C@_0L@CLJLGDBO@CursorHint@ 100f9c0c     interop.obj
 0002:00000c18       ??_C@_04NBOPPMHE@Noop@     100f9c18     interop.obj
 0002:00000c20       ??_C@_07EMCFMDDO@Explain@  100f9c20     interop.obj
 0002:00000c28       ??_C@_09JBCNKCCE@Abortable@ 100f9c28     interop.obj
 0002:00000c34       ??_C@_0BA@FHFNEAED@AreFileApisANSI@ 100f9c34     interop.obj
 0002:00000c44       ??_C@_0L@CDADJILC@CharLowerW@ 100f9c44     interop.obj
 0002:00000c50       ??_C@_0L@JBOFCNPB@CharUpperW@ 100f9c50     interop.obj
 0002:00000c5c       ??_C@_0M@JHJNLFGC@CloseHandle@ 100f9c5c     interop.obj
 0002:00000c68       ??_C@_0M@HDHGNCCA@CreateFileA@ 100f9c68     interop.obj
 0002:00000c74       ??_C@_0M@GPOOGHPH@CreateFileW@ 100f9c74     interop.obj
 0002:00000c80       ??_C@_0BD@GJENCGJD@CreateFileMappingA@ 100f9c80     interop.obj
 0002:00000c94       ??_C@_0BD@HFNFJDEE@CreateFileMappingW@ 100f9c94     interop.obj
 0002:00000ca8       ??_C@_0N@MDNOAJMP@CreateMutexW@ 100f9ca8     interop.obj
 0002:00000cb8       ??_C@_0M@CBNKJACB@DeleteFileA@ 100f9cb8     interop.obj
 0002:00000cc4       ??_C@_0M@DNECCFPG@DeleteFileW@ 100f9cc4     interop.obj
 0002:00000cd0       ??_C@_0BI@EKFDIGHI@FileTimeToLocalFileTime@ 100f9cd0     interop.obj
 0002:00000ce8       ??_C@_0BF@KPJNHALE@FileTimeToSystemTime@ 100f9ce8     interop.obj
 0002:00000d00       ??_C@_0BB@MOGECGEP@FlushFileBuffers@ 100f9d00     interop.obj
[...]
               exported name: sqlite3_fts_init
      139    _sqlite3_get_autocommit
               exported name: sqlite3_get_autocommit
      140    _sqlite3_get_auxdata
               exported name: sqlite3_get_auxdata
      141    _sqlite3_get_table
               exported name: sqlite3_get_table
      142    _sqlite3_global_recover
               exported name: sqlite3_global_recover
      143    _sqlite3_index_column_info_interop@32
      144    _sqlite3_initialize
               exported name: sqlite3_initialize
      145    _sqlite3_interrupt
               exported name: sqlite3_interrupt
      146    _sqlite3_json_init
               exported name: sqlite3_json_init
      147    _sqlite3_key
               exported name: sqlite3_key
      148    _sqlite3_key_v2
               exported name: sqlite3_key_v2
      149    _sqlite3_keyword_check
               exported name: sqlite3_keyword_check
      150    _sqlite3_keyword_count
               exported name: sqlite3_keyword_count
      151    _sqlite3_keyword_name
               exported name: sqlite3_keyword_name
      152    _sqlite3_last_insert_rowid
               exported name: sqlite3_last_insert_rowid
      153    _sqlite3_last_insert_rowid_interop@8
      154    _sqlite3_libversion
               exported name: sqlite3_libversion
      155    _sqlite3_libversion_number
               exported name: sqlite3_libversion_number
      156    _sqlite3_limit
               exported name: sqlite3_limit
      157    _sqlite3_load_extension
               exported name: sqlite3_load_extension
      158    _sqlite3_log
               exported name: sqlite3_log
      159    _sqlite3_malloc
               exported name: sqlite3_malloc
      160    _sqlite3_malloc64
               exported name: sqlite3_malloc64
      161    _sqlite3_malloc_size_interop@4
      162    _sqlite3_memory_alarm
               exported name: sqlite3_memory_alarm
      163    _sqlite3_memory_highwater
               exported name: sqlite3_memory_highwater
      164    _sqlite3_memory_highwater_interop@8
      165    _sqlite3_memory_used
               exported name: sqlite3_memory_used
      166    _sqlite3_memory_used_interop@4
      167    _sqlite3_mprintf
               exported name: sqlite3_mprintf
      168    _sqlite3_msize
               exported name: sqlite3_msize
      169    _sqlite3_msize_interop@8
      170    _sqlite3_mutex_alloc
               exported name: sqlite3_mutex_alloc
      171    _sqlite3_mutex_enter
               exported name: sqlite3_mutex_enter
      172    _sqlite3_mutex_free
               exported name: sqlite3_mutex_free
      173    _sqlite3_mutex_leave
               exported name: sqlite3_mutex_leave
      174    _sqlite3_mutex_try
               exported name: sqlite3_mutex_try
      175    _sqlite3_next_stmt
               exported name: sqlite3_next_stmt
      176    _sqlite3_open
               exported name: sqlite3_open
      177    _sqlite3_open16
               exported name: sqlite3_open16
      178    _sqlite3_open16_interop@20
      179    _sqlite3_open_interop@20
      180    _sqlite3_open_v2
               exported name: sqlite3_open_v2
      181    _sqlite3_os_end
               exported name: sqlite3_os_end
      182    _sqlite3_os_init
               exported name: sqlite3_os_init
      183    _sqlite3_overload_function
               exported name: sqlite3_overload_function
      184    _sqlite3_percentile_init
               exported name: sqlite3_percentile_init
      185    _sqlite3_prepare
               exported name: sqlite3_prepare
      186    _sqlite3_prepare16
               exported name: sqlite3_prepare16
      187    _sqlite3_prepare16_interop@24
      188    _sqlite3_prepare16_v2
               exported name: sqlite3_prepare16_v2
      189    _sqlite3_prepare16_v3
               exported name: sqlite3_prepare16_v3
      190    _sqlite3_prepare_interop@24
      191    _sqlite3_prepare_v2
               exported name: sqlite3_prepare_v2
      192    _sqlite3_prepare_v3
               exported name: sqlite3_prepare_v3
      193    _sqlite3_preupdate_count
               exported name: sqlite3_preupdate_count
      194    _sqlite3_preupdate_depth
               exported name: sqlite3_preupdate_depth
      195    _sqlite3_preupdate_hook
               exported name: sqlite3_preupdate_hook
      196    _sqlite3_preupdate_new
               exported name: sqlite3_preupdate_new
      197    _sqlite3_preupdate_old
               exported name: sqlite3_preupdate_old
      198    _sqlite3_profile
               exported name: sqlite3_profile
      199    _sqlite3_progress_handler
               exported name: sqlite3_progress_handler
      200    _sqlite3_randomness
               exported name: sqlite3_randomness
      201    _sqlite3_realloc
               exported name: sqlite3_realloc
      202    _sqlite3_realloc64
               exported name: sqlite3_realloc64
      203    _sqlite3_regexp_init
               exported name: sqlite3_regexp_init
      204    _sqlite3_rekey
               exported name: sqlite3_rekey
      205    _sqlite3_rekey_v2
               exported name: sqlite3_rekey_v2
      206    _sqlite3_release_memory
               exported name: sqlite3_release_memory
      207    _sqlite3_reset
               exported name: sqlite3_reset
      208    _sqlite3_reset_auto_extension
               exported name: sqlite3_reset_auto_extension
      209    _sqlite3_reset_interop@4
      210    _sqlite3_result_blob
               exported name: sqlite3_result_blob
      211    _sqlite3_result_blob64
               exported name: sqlite3_result_blob64
      212    _sqlite3_result_double
               exported name: sqlite3_result_double
      213    _sqlite3_result_double_interop@8
      214    _sqlite3_result_error
               exported name: sqlite3_result_error
      215    _sqlite3_result_error16
               exported name: sqlite3_result_error16
      216    _sqlite3_result_error_code
               exported name: sqlite3_result_error_code
      217    _sqlite3_result_error_nomem
               exported name: sqlite3_result_error_nomem
      218    _sqlite3_result_error_toobig
               exported name: sqlite3_result_error_toobig
      219    _sqlite3_result_int
               exported name: sqlite3_result_int
      220    _sqlite3_result_int64
               exported name: sqlite3_result_int64
      221    _sqlite3_result_int64_interop@8
      222    _sqlite3_result_null
               exported name: sqlite3_result_null
      223    _sqlite3_result_pointer
               exported name: sqlite3_result_pointer
      224    _sqlite3_result_subtype
               exported name: sqlite3_result_subtype
      225    _sqlite3_result_text
               exported name: sqlite3_result_text
      226    _sqlite3_result_text16
               exported name: sqlite3_result_text16
      227    _sqlite3_result_text16be
               exported name: sqlite3_result_text16be
      228    _sqlite3_result_text16le
               exported name: sqlite3_result_text16le
      229    _sqlite3_result_text64
               exported name: sqlite3_result_text64
      230    _sqlite3_result_value
               exported name: sqlite3_result_value
      231    _sqlite3_result_zeroblob
               exported name: sqlite3_result_zeroblob
      232    _sqlite3_result_zeroblob64
               exported name: sqlite3_result_zeroblob64
      233    _sqlite3_rollback_hook
               exported name: sqlite3_rollback_hook
      234    _sqlite3_rtree_geometry_callback
               exported name: sqlite3_rtree_geometry_callback
      235    _sqlite3_rtree_query_callback
               exported name: sqlite3_rtree_query_callback
      236    _sqlite3_set_authorizer
               exported name: sqlite3_set_authorizer
      237    _sqlite3_set_auxdata
               exported name: sqlite3_set_auxdata
      238    _sqlite3_set_last_insert_rowid
               exported name: sqlite3_set_last_insert_rowid
      239    _sqlite3_sha_init
               exported name: sqlite3_sha_init
      240    _sqlite3_shutdown
               exported name: sqlite3_shutdown
      241    _sqlite3_sleep
               exported name: sqlite3_sleep
      242    _sqlite3_snprintf
               exported name: sqlite3_snprintf
      243    _sqlite3_soft_heap_limit
               exported name: sqlite3_soft_heap_limit
      244    _sqlite3_soft_heap_limit64
               exported name: sqlite3_soft_heap_limit64
      245    _sqlite3_sourceid
               exported name: sqlite3_sourceid
      246    _sqlite3_sql
               exported name: sqlite3_sql
      247    _sqlite3_status
               exported name: sqlite3_status
      248    _sqlite3_status64
               exported name: sqlite3_status64
      249    _sqlite3_step
               exported name: sqlite3_step
      250    _sqlite3_stmt_busy
               exported name: sqlite3_stmt_busy
      251    _sqlite3_stmt_readonly
               exported name: sqlite3_stmt_readonly
      252    _sqlite3_stmt_status
               exported name: sqlite3_stmt_status
      253    _sqlite3_str_append
               exported name: sqlite3_str_append
      254    _sqlite3_str_appendall
               exported name: sqlite3_str_appendall
      255    _sqlite3_str_appendchar
               exported name: sqlite3_str_appendchar
      256    _sqlite3_str_appendf
               exported name: sqlite3_str_appendf
      257    _sqlite3_str_errcode
               exported name: sqlite3_str_errcode
      258    _sqlite3_str_finish
               exported name: sqlite3_str_finish
      259    _sqlite3_str_length
               exported name: sqlite3_str_length
      260    _sqlite3_str_new
               exported name: sqlite3_str_new
      261    _sqlite3_str_reset
               exported name: sqlite3_str_reset
      262    _sqlite3_str_value
               exported name: sqlite3_str_value
      263    _sqlite3_str_vappendf
               exported name: sqlite3_str_vappendf
      264    _sqlite3_strglob
               exported name: sqlite3_strglob
      265    _sqlite3_stricmp
               exported name: sqlite3_stricmp
      266    _sqlite3_strlike
               exported name: sqlite3_strlike
      267    _sqlite3_strnicmp
               exported name: sqlite3_strnicmp
      268    _sqlite3_system_errno
               exported name: sqlite3_system_errno
      269    _sqlite3_table_column_metadata
               exported name: sqlite3_table_column_metadata
      270    _sqlite3_table_column_metadata_interop@44
      271    _sqlite3_table_cursor_interop@12
      272    _sqlite3_temp_directory
               exported name: sqlite3_temp_directory
      273    _sqlite3_test_control
               exported name: sqlite3_test_control
      274    _sqlite3_thread_cleanup
               exported name: sqlite3_thread_cleanup
      275    _sqlite3_threadsafe
               exported name: sqlite3_threadsafe
      276    _sqlite3_total_changes
               exported name: sqlite3_total_changes
      277    _sqlite3_totype_init
               exported name: sqlite3_totype_init
      278    _sqlite3_trace
               exported name: sqlite3_trace
      279    _sqlite3_trace_v2
               exported name: sqlite3_trace_v2
      280    _sqlite3_transfer_bindings
               exported name: sqlite3_transfer_bindings
      281    _sqlite3_update_hook
               exported name: sqlite3_update_hook
      282    _sqlite3_uri_boolean
               exported name: sqlite3_uri_boolean
      283    _sqlite3_uri_int64
               exported name: sqlite3_uri_int64
      284    _sqlite3_uri_parameter
               exported name: sqlite3_uri_parameter
      285    _sqlite3_user_data
               exported name: sqlite3_user_data
      286    _sqlite3_value_blob
               exported name: sqlite3_value_blob
      287    _sqlite3_value_bytes
               exported name: sqlite3_value_bytes
      288    _sqlite3_value_bytes16
               exported name: sqlite3_value_bytes16
      289    _sqlite3_value_double
               exported name: sqlite3_value_double
      290    _sqlite3_value_double_interop@8
      291    _sqlite3_value_dup
               exported name: sqlite3_value_dup
      292    _sqlite3_value_free
               exported name: sqlite3_value_free
      293    _sqlite3_value_int
               exported name: sqlite3_value_int
      294    _sqlite3_value_int64
               exported name: sqlite3_value_int64
      295    _sqlite3_value_int64_interop@8
      296    _sqlite3_value_nochange
               exported name: sqlite3_value_nochange
      297    _sqlite3_value_numeric_type
               exported name: sqlite3_value_numeric_type
      298    _sqlite3_value_pointer
               exported name: sqlite3_value_pointer
      299    _sqlite3_value_subtype
               exported name: sqlite3_value_subtype
      300    _sqlite3_value_text
               exported name: sqlite3_value_text
      301    _sqlite3_value_text16
               exported name: sqlite3_value_text16
      302    _sqlite3_value_text16_interop@8
      303    _sqlite3_value_text16be
               exported name: sqlite3_value_text16be
      304    _sqlite3_value_text16le
               exported name: sqlite3_value_text16le
      305    _sqlite3_value_text_interop@8
      306    _sqlite3_value_type
               exported name: sqlite3_value_type
      307    _sqlite3_version
               exported name: sqlite3_version
      308    _sqlite3_vfs_find
               exported name: sqlite3_vfs_find
      309    _sqlite3_vfs_register
               exported name: sqlite3_vfs_register
      310    _sqlite3_vfs_unregister
               exported name: sqlite3_vfs_unregister
      311    _sqlite3_vmprintf
               exported name: sqlite3_vmprintf
      312    _sqlite3_vsnprintf
               exported name: sqlite3_vsnprintf
      313    _sqlite3_vtab_collation
               exported name: sqlite3_vtab_collation
      314    _sqlite3_vtab_config
               exported name: sqlite3_vtab_config
      315    _sqlite3_vtab_nochange
               exported name: sqlite3_vtab_nochange
      316    _sqlite3_vtab_on_conflict
               exported name: sqlite3_vtab_on_conflict
      317    _sqlite3_vtshim_init
               exported name: sqlite3_vtshim_init
      318    _sqlite3_wal_autocheckpoint
               exported name: sqlite3_wal_autocheckpoint
      319    _sqlite3_wal_checkpoint
               exported name: sqlite3_wal_checkpoint
      320    _sqlite3_wal_checkpoint_v2
               exported name: sqlite3_wal_checkpoint_v2
      321    _sqlite3_wal_hook
               exported name: sqlite3_wal_hook
      322    _sqlite3_win32_compact_heap
               exported name: sqlite3_win32_compact_heap
      323    _sqlite3_win32_is_nt
               exported name: sqlite3_win32_is_nt
      324    _sqlite3_win32_mbcs_to_utf8
               exported name: sqlite3_win32_mbcs_to_utf8
      325    _sqlite3_win32_mbcs_to_utf8_v2
               exported name: sqlite3_win32_mbcs_to_utf8_v2
      326    _sqlite3_win32_reset_heap
               exported name: sqlite3_win32_reset_heap
      327    _sqlite3_win32_set_directory
               exported name: sqlite3_win32_set_directory
      328    _sqlite3_win32_set_directory16
               exported name: sqlite3_win32_set_directory16
      329    _sqlite3_win32_set_directory8
               exported name: sqlite3_win32_set_directory8
      330    _sqlite3_win32_sleep
               exported name: sqlite3_win32_sleep
      331    _sqlite3_win32_unicode_to_utf8
               exported name: sqlite3_win32_unicode_to_utf8
      332    _sqlite3_win32_utf8_to_mbcs
               exported name: sqlite3_win32_utf8_to_mbcs
      333    _sqlite3_win32_utf8_to_mbcs_v2
               exported name: sqlite3_win32_utf8_to_mbcs_v2
      334    _sqlite3_win32_utf8_to_unicode
               exported name: sqlite3_win32_utf8_to_unicode
      335    _sqlite3_win32_write_debug
               exported name: sqlite3_win32_write_debug
      336    _sqlite3changegroup_add
               exported name: sqlite3changegroup_add
      337    _sqlite3changegroup_add_strm
               exported name: sqlite3changegroup_add_strm
      338    _sqlite3changegroup_delete
               exported name: sqlite3changegroup_delete
      339    _sqlite3changegroup_new
               exported name: sqlite3changegroup_new
      340    _sqlite3changegroup_output
               exported name: sqlite3changegroup_output
      341    _sqlite3changegroup_output_strm
               exported name: sqlite3changegroup_output_strm
      342    _sqlite3changeset_apply
               exported name: sqlite3changeset_apply
      343    _sqlite3changeset_apply_strm
               exported name: sqlite3changeset_apply_strm
      344    _sqlite3changeset_apply_v2
               exported name: sqlite3changeset_apply_v2
      345    _sqlite3changeset_apply_v2_strm
               exported name: sqlite3changeset_apply_v2_strm
      346    _sqlite3changeset_concat
               exported name: sqlite3changeset_concat
      347    _sqlite3changeset_concat_strm
               exported name: sqlite3changeset_concat_strm
      348    _sqlite3changeset_conflict
               exported name: sqlite3changeset_conflict
      349    _sqlite3changeset_finalize
               exported name: sqlite3changeset_finalize
      350    _sqlite3changeset_fk_conflicts
               exported name: sqlite3changeset_fk_conflicts
      351    _sqlite3changeset_invert
               exported name: sqlite3changeset_invert
      352    _sqlite3changeset_invert_strm
               exported name: sqlite3changeset_invert_strm
      353    _sqlite3changeset_new
               exported name: sqlite3changeset_new
      354    _sqlite3changeset_next
               exported name: sqlite3changeset_next
      355    _sqlite3changeset_old
               exported name: sqlite3changeset_old
      356    _sqlite3changeset_op
               exported name: sqlite3changeset_op
      357    _sqlite3changeset_pk
               exported name: sqlite3changeset_pk
      358    _sqlite3changeset_start
               exported name: sqlite3changeset_start
      359    _sqlite3changeset_start_strm
               exported name: sqlite3changeset_start_strm
      360    _sqlite3rebaser_configure
               exported name: sqlite3rebaser_configure
      361    _sqlite3rebaser_create
               exported name: sqlite3rebaser_create
      362    _sqlite3rebaser_delete
               exported name: sqlite3rebaser_delete
      363    _sqlite3rebaser_rebase
               exported name: sqlite3rebaser_rebase
      364    _sqlite3rebaser_rebase_strm
               exported name: sqlite3rebaser_rebase_strm
      365    _sqlite3session_attach
               exported name: sqlite3session_attach
      366    _sqlite3session_changeset
               exported name: sqlite3session_changeset
      367    _sqlite3session_changeset_strm
               exported name: sqlite3session_changeset_strm
      368    _sqlite3session_create
               exported name: sqlite3session_create
      369    _sqlite3session_delete
               exported name: sqlite3session_delete
      370    _sqlite3session_diff
               exported name: sqlite3session_diff
      371    _sqlite3session_enable
               exported name: sqlite3session_enable
      372    _sqlite3session_indirect
               exported name: sqlite3session_indirect
      373    _sqlite3session_isempty
               exported name: sqlite3session_isempty
      374    _sqlite3session_patchset
               exported name: sqlite3session_patchset
      375    _sqlite3session_patchset_strm
               exported name: sqlite3session_patchset_strm
      376    _sqlite3session_table_filter
               exported name: sqlite3session_table_filter
